Component: ARM Compiler 5.05 update 2 (build 169) Tool: armlink [4d0f33]

==============================================================================

Section Cross References

    anocopter.o(.text) refers to board.o(.text) for ANO_Quadcopter_board_Init()
    anocopter.o(.text) refers to ano_param.o(.text) for ANO_Param::Init()
    anocopter.o(.text) refers to ano_imu.o(.text) for ANO_IMU::Init()
    anocopter.o(.text) refers to ano_scheduler.o(.text) for ANO_Loop()
    anocopter.o(.text) refers to ano_param.o(.data) for param
    anocopter.o(.text) refers to ano_imu.o(.bss) for imu
    anocopter.o(.ARM.exidx) refers to anocopter.o(.text) for .text
    ano_config.o(.text) refers to ano_config.o(.bss) for ano
    ano_config.o(.ARM.exidx) refers to ano_config.o(.text) for .text
    ano_config.o(.init_array) refers to ano_config.o(.text) for __sti___14_ANO_Config_cpp_ano
    ano_config.o(.init_array) refers to init_aeabi.o(.text) for __cpp_initialize__aeabi_
    ano_scheduler.o(.text) refers to ano_dt.o(.text) for ANO_DT::Check_Event()
    ano_scheduler.o(.text) refers to ano_imu.o(.text) for ANO_IMU::updateSensor()
    ano_scheduler.o(.text) refers to ano_flycontrol.o(.text) for ANO_FlyControl::Attitude_Inner_Loop()
    ano_scheduler.o(.text) refers to ano_rc.o(.text) for ANO_RC::Cal_Command()
    ano_scheduler.o(.text) refers to ano_config.o(.text) for ANO_Config::Pilot_Light()
    ano_scheduler.o(.text) refers to ano_dt.o(.bss) for dt
    ano_scheduler.o(.text) refers to ano_imu.o(.bss) for imu
    ano_scheduler.o(.text) refers to ano_flycontrol.o(.bss) for fc
    ano_scheduler.o(.text) refers to ano_rc.o(.bss) for rc
    ano_scheduler.o(.text) refers to ano_config.o(.bss) for ano
    ano_scheduler.o(.text) refers to ano_scheduler.o(.bss) for scheduler
    ano_scheduler.o(.ARM.exidx) refers to ano_scheduler.o(.text) for .text
    ano_scheduler.o(.init_array) refers to ano_scheduler.o(.text) for __sti___17_ANO_Scheduler_cpp_463cec18
    ano_scheduler.o(.init_array) refers to init_aeabi.o(.text) for __cpp_initialize__aeabi_
    ano_filter.o(.text) refers to fmul.o(x$fpl$fmul) for __aeabi_fmul
    ano_filter.o(.text) refers to fdiv.o(x$fpl$fdiv) for __aeabi_fdiv
    ano_filter.o(.text) refers to faddsub_clz.o(x$fpl$fadd) for __aeabi_fadd
    ano_filter.o(.text) refers to ano_vector3.o(t._ZNK7Vector3IfEmlEf) for Vector3<float>::operator *(float) const
    ano_filter.o(.text) refers to faddsub_clz.o(x$fpl$fsub) for __aeabi_fsub
    ano_filter.o(.text) refers to ano_vector3.o(t._ZNK7Vector3IfEplERKS0_) for Vector3<float>::operator +(const Vector3<float>&) const
    ano_filter.o(.text) refers to ano_vector3.o(t._ZNK7Vector3IfEmiERKS0_) for Vector3<float>::operator -(const Vector3<float>&) const
    ano_filter.o(.ARM.exidx) refers to ano_filter.o(.text) for .text
    ano_imu.o(.text) refers to ano_imu.o(t._ZN7Vector3IfEC1Ev) for Vector3<float>::Vector3()
    ano_imu.o(.text) refers to ano_drv_mpu6050.o(.text) for ANO_MPU6050::Init(unsigned short, unsigned short)
    ano_imu.o(.text) refers to ano_filter.o(.text) for ANO_Filter::LPF_1st_Factor_Cal(float, float)
    ano_imu.o(.text) refers to cxa_guard_acquire.o(i.__cxa_guard_acquire) for __cxa_guard_acquire
    ano_imu.o(.text) refers to ano_imu.o(t._ZN7Vector3IfEC1Efff) for Vector3<float>::Vector3(float, float, float)
    ano_imu.o(.text) refers to ano_vector3.o(t._ZNK7Vector3IfEplERKS0_) for Vector3<float>::operator +(const Vector3<float>&) const
    ano_imu.o(.text) refers to ano_vector3.o(t._ZNK7Vector3IfEmlEf) for Vector3<float>::operator *(float) const
    ano_imu.o(.text) refers to ano_matrix3.o(t._ZN7Matrix3IfE10from_eulerERK7Vector3IfE) for Matrix3<float>::from_euler(const Vector3<float>&)
    ano_imu.o(.text) refers to ano_matrix3.o(t._ZNK7Matrix3IfEmlERK7Vector3IfE) for Matrix3<float>::operator *(const Vector3<float>&) const
    ano_imu.o(.text) refers to ano_vector3.o(t._ZN7Vector3IfE13get_rollpitchERS0_) for Vector3<float>::get_rollpitch(Vector3<float>&)
    ano_imu.o(.text) refers to ano_vector3.o(t._ZN7Vector3IfE7get_yawERS0_) for Vector3<float>::get_yaw(Vector3<float>&)
    ano_imu.o(.text) refers to dflt_clz.o(x$fpl$dfltu) for __aeabi_ui2d
    ano_imu.o(.text) refers to dmul.o(x$fpl$dmul) for __aeabi_dmul
    ano_imu.o(.text) refers to d2f.o(x$fpl$d2f) for __aeabi_d2f
    ano_imu.o(.text) refers to board.o(.text) for GetSysTime_us()
    ano_imu.o(.text) refers to ano_vector3.o(t._ZNK7Vector3IfE6lengthEv) for Vector3<float>::length() const
    ano_imu.o(.text) refers to ano_vector3.o(t._ZN7Vector3IfEdVEf) for Vector3<float>::operator /=(float)
    ano_imu.o(.text) refers to ano_quaternion.o(.text) for Quaternion::vector_gravity(Vector3<float>&)
    ano_imu.o(.text) refers to ano_vector3.o(t._ZNK7Vector3IfErmERKS0_) for Vector3<float>::operator %(const Vector3<float>&) const
    ano_imu.o(.text) refers to ano_vector3.o(t._ZN7Vector3IfEpLERKS0_) for Vector3<float>::operator +=(const Vector3<float>&)
[...]
    .init_array                              0x08008028   Section        4  ano_scheduler.o(.init_array)
    .init_array                              0x0800802c   Section        4  ano_imu.o(.init_array)
    .init_array                              0x08008030   Section        4  ano_rc.o(.init_array)
    .init_array                              0x08008034   Section        4  ano_flycontrol.o(.init_array)
    .init_array                              0x08008038   Section        4  ano_drv_mpu6050.o(.init_array)
    .init_array                              0x0800803c   Section        0  init_aeabi.o(.init_array)
    .data                                    0x20000000   Section       20  ano_imu.o(.data)
    previousT                                0x20000000   Data           4  ano_imu.o(.data)
    _ZGVVector_M                             0x20000004   Data           4  ano_imu.o(.data)
    _ZGVVector_G                             0x20000008   Data           4  ano_imu.o(.data)
    _ZGVLastGyro                             0x2000000c   Data           4  ano_imu.o(.data)
    _ZGVdeltaGyroAngle                       0x20000010   Data           4  ano_imu.o(.data)
    .data                                    0x20000014   Section        2  ano_dt.o(.data)
    cnt                                      0x20000014   Data           1  ano_dt.o(.data)
    failsafeCnt                              0x20000015   Data           1  ano_dt.o(.data)
    .data                                    0x20000016   Section        2  ano_rc.o(.data)
    rcDelayCommand                           0x20000016   Data           1  ano_rc.o(.data)
    stick_flag                               0x20000017   Data           1  ano_rc.o(.data)
    .data                                    0x20000018   Section        4  ano_param.o(.data)
    .data                                    0x2000001c   Section        8  board.o(.data)
    usTicks                                  0x2000001c   Data           4  board.o(.data)
    sysTickUptime                            0x20000020   Data           4  board.o(.data)
    .data                                    0x20000024   Section       14  ano_drv_mpu6050.o(.data)
    _ZGVtempAcc                              0x20000024   Data           4  ano_drv_mpu6050.o(.data)
    cnt_a                                    0x20000028   Data           2  ano_drv_mpu6050.o(.data)
    _ZGVtempGyro                             0x2000002c   Data           4  ano_drv_mpu6050.o(.data)
    cnt_g                                    0x20000030   Data           2  ano_drv_mpu6050.o(.data)
    .data                                    0x20000032   Section       10  ano_drv_nrf24l01.o(.data)
    .data                                    0x2000003c   Section        1  ano_drv_pwm.o(.data)
    .data                                    0x20000040   Section        8  ano_drv_eeprom.o(.data)
    .data                                    0x20000048   Section       20  stm32f10x_rcc.o(.data)
    APBAHBPrescTable                         0x20000048   Data          16  stm32f10x_rcc.o(.data)
    ADCPrescTable                            0x20000058   Data           4  stm32f10x_rcc.o(.data)
    .data                                    0x2000005c   Section       20  system_stm32f10x.o(.data)
    .bss                                     0x20000070   Section       12  ano_config.o(.bss)
    .bss                                     0x2000007c   Section       10  ano_scheduler.o(.bss)
    .bss                                     0x20000088   Section      152  ano_imu.o(.bss)
    deltaGyroAngle                           0x200000f0   Data          12  ano_imu.o(.bss)
    LastGyro                                 0x200000fc   Data          12  ano_imu.o(.bss)
    Vector_G                                 0x20000108   Data          12  ano_imu.o(.bss)
    Vector_M                                 0x20000114   Data          12  ano_imu.o(.bss)
    .bss                                     0x20000120   Section       58  ano_dt.o(.bss)
    .bss                                     0x2000015a   Section       12  ano_motor.o(.bss)
    .bss                                     0x20000166   Section       24  ano_rc.o(.bss)
    .bss                                     0x20000180   Section      136  ano_flycontrol.o(.bss)
    .bss                                     0x20000208   Section       88  ano_drv_mpu6050.o(.bss)
    tempAcc                                  0x20000248   Data          12  ano_drv_mpu6050.o(.bss)
    tempGyro                                 0x20000254   Data          12  ano_drv_mpu6050.o(.bss)
    .bss                                     0x20000260   Section      510  ano_drv_nrf24l01.o(.bss)
    .bss                                     0x20000460   Section       96  libspace.o(.bss)
    HEAP                                     0x200004c0   Section      512  startup_stm32f10x_md.o(HEAP)
    Heap_Mem                                 0x200004c0   Data         512  startup_stm32f10x_md.o(HEAP)
    STACK                                    0x200006c0   Section     1024  startup_stm32f10x_md.o(STACK)
    Stack_Mem                                0x200006c0   Data        1024  startup_stm32f10x_md.o(STACK)
    __initial_sp                             0x20000ac0   Data           0  startup_stm32f10x_md.o(STACK)

    Global Symbols

    Symbol Name                              Value     Ov Type        Size  Object(Section)

    BuildAttributes$$THM_ISAv4$P$D$K$B$S$PE$A:L22UL41UL21$X:L11$S22US41US21$IEEE1$IW$USESV6$~STKCKD$USESV7$~SHL$OTIME$ROPI$IEEEX$EBA8$UX$STANDARDLIB$REQ8$PRES8$EABIv2 0x00000000   Number         0  anon$$obj.o ABSOLUTE
    __ARM_use_no_argv                        0x00000000   Number         0  anocopter.o ABSOLUTE
    SHT$$ARM_EXIDX$$Base                      - Undefined Reference
    SHT$$ARM_EXIDX$$Limit                     - Undefined Reference
    __ARM_exceptions_init                     - Undefined Weak Reference
    __aeabi_unwind_cpp_pr1                    - Undefined Weak Reference
    __aeabi_unwind_cpp_pr2                    - Undefined Weak Reference
    __alloca_initialize                       - Undefined Weak Reference
    __arm_preinit_                            - Undefined Weak Reference
    __cxa_begin_cleanup                       - Undefined Weak Reference
    __cxa_call_unexpected                     - Undefined Weak Reference
    __cxa_finalize                            - Undefined Weak Reference
    __cxa_type_match                          - Undefined Weak Reference
    __rt_locale                               - Undefined Weak Reference
    __sigvec_lookup                           - Undefined Weak Reference
    __user_heap_extent                        - Undefined Weak Reference
    _atexit_init                              - Undefined Weak Reference
    _call_atexit_fns                          - Undefined Weak Reference
    _clock_init                               - Undefined Weak Reference
    _fp_trap_init                             - Undefined Weak Reference
    _fp_trap_shutdown                         - Undefined Weak Reference
    _get_lc_collate                           - Undefined Weak Reference
    _get_lc_ctype                             - Undefined Weak Reference
    _get_lc_monetary                          - Undefined Weak Reference
    _get_lc_numeric                           - Undefined Weak Reference
    _get_lc_time                              - Undefined Weak Reference
    _getenv_init                              - Undefined Weak Reference
    _handle_redirection                       - Undefined Weak Reference
    _initio                                   - Undefined Weak Reference
    _mutex_acquire                            - Undefined Weak Reference
    _mutex_free                               - Undefined Weak Reference
    _mutex_release                            - Undefined Weak Reference
    _rand_init                                - Undefined Weak Reference
    _signal_finish                            - Undefined Weak Reference
    _signal_init                              - Undefined Weak Reference
    _terminateio                              - Undefined Weak Reference
    __Vectors_Size                           0x000000ec   Number         0  startup_stm32f10x_md.o ABSOLUTE
    __Vectors                                0x08000000   Data           4  startup_stm32f10x_md.o(RESET)
    __Vectors_End                            0x080000ec   Data           0  startup_stm32f10x_md.o(RESET)
    __main                                   0x080000ed   Thumb Code     8  __main.o(!!!main)
    __scatterload                            0x080000f5   Thumb Code     0  __scatter.o(!!!scatter)
    __scatterload_rt2                        0x080000f5   Thumb Code    44  __scatter.o(!!!scatter)
    __scatterload_rt2_thumb_only             0x080000f5   Thumb Code     0  __scatter.o(!!!scatter)
    __scatterload_null                       0x08000103   Thumb Code     0  __scatter.o(!!!scatter)
    __scatterload_copy                       0x08000129   Thumb Code    26  __scatter_copy.o(!!handler_copy)
    __scatterload_zeroinit                   0x08000145   Thumb Code    28  __scatter_zi.o(!!handler_zi)
    __rt_lib_init                            0x08000161   Thumb Code     0  libinit.o(.ARM.Collect$$libinit$$00000000)
    __rt_lib_init_alloca_1                   0x08000163   Thumb Code     0  libinit2.o(.ARM.Collect$$libinit$$0000002E)
    __rt_lib_init_argv_1                     0x08000163   Thumb Code     0  libinit2.o(.ARM.Collect$$libinit$$0000002C)
    __rt_lib_init_atexit_1                   0x08000163   Thumb Code     0  libinit2.o(.ARM.Collect$$libinit$$0000001B)
    __rt_lib_init_clock_1                    0x08000163   Thumb Code     0  libinit2.o(.ARM.Collect$$libinit$$00000021)
    __rt_lib_init_cpp_2                      0x08000163   Thumb Code     0  libinit2.o(.ARM.Collect$$libinit$$00000031)
    __rt_lib_init_exceptions_1               0x08000163   Thumb Code     0  libinit2.o(.ARM.Collect$$libinit$$00000030)
    __rt_lib_init_fp_1                       0x08000163   Thumb Code     0  libinit2.o(.ARM.Collect$$libinit$$00000002)
    __rt_lib_init_fp_trap_1                  0x08000163   Thumb Code     0  libinit2.o(.ARM.Collect$$libinit$$0000001F)
    __rt_lib_init_getenv_1                   0x08000163   Thumb Code     0  libinit2.o(.ARM.Collect$$libinit$$00000023)
    __rt_lib_init_heap_1                     0x08000163   Thumb Code     0  libinit2.o(.ARM.Collect$$libinit$$0000000A)
    __rt_lib_init_lc_collate_1               0x08000163   Thumb Code     0  libinit2.o(.ARM.Collect$$libinit$$00000011)
    __rt_lib_init_lc_ctype_1                 0x08000163   Thumb Code     0  libinit2.o(.ARM.Collect$$libinit$$00000013)
    __rt_lib_init_lc_monetary_1              0x08000163   Thumb Code     0  libinit2.o(.ARM.Collect$$libinit$$00000015)
    __rt_lib_init_lc_numeric_1               0x08000163   Thumb Code     0  libinit2.o(.ARM.Collect$$libinit$$00000017)
    __rt_lib_init_lc_time_1                  0x08000163   Thumb Code     0  libinit2.o(.ARM.Collect$$libinit$$00000019)
    __rt_lib_init_preinit_1                  0x08000163   Thumb Code     0  libinit2.o(.ARM.Collect$$libinit$$00000004)
    __rt_lib_init_rand_1                     0x08000163   Thumb Code     0  libinit2.o(.ARM.Collect$$libinit$$0000000E)
    __rt_lib_init_signal_1                   0x08000163   Thumb Code     0  libinit2.o(.ARM.Collect$$libinit$$0000001D)
    __rt_lib_init_stdio_1                    0x08000163   Thumb Code     0  libinit2.o(.ARM.Collect$$libinit$$00000025)
    __rt_lib_init_user_alloc_1               0x08000163   Thumb Code     0  libinit2.o(.ARM.Collect$$libinit$$0000000C)
    __rt_lib_init_cpp_1                      0x08000167   Thumb Code     0  libinit2.o(.ARM.Collect$$libinit$$00000032)
    __rt_lib_init_return                     0x08000167   Thumb Code     0  libinit2.o(.ARM.Collect$$libinit$$00000033)
    __rt_lib_shutdown                        0x08000169   Thumb Code     0  libshutdown.o(.ARM.Collect$$libshutdown$$00000000)
    __rt_lib_shutdown_fp_trap_1              0x0800016b   Thumb Code     0  libshutdown2.o(.ARM.Collect$$libshutdown$$00000006)
    __rt_lib_shutdown_heap_1                 0x0800016b   Thumb Code     0  libshutdown2.o(.ARM.Collect$$libshutdown$$0000000E)
    __rt_lib_shutdown_return                 0x0800016b   Thumb Code     0  libshutdown2.o(.ARM.Collect$$libshutdown$$0000000F)
    __rt_lib_shutdown_signal_1               0x0800016b   Thumb Code     0  libshutdown2.o(.ARM.Collect$$libshutdown$$00000009)
    __rt_lib_shutdown_stdio_1                0x0800016b   Thumb Code     0  libshutdown2.o(.ARM.Collect$$libshutdown$$00000003)
    __rt_lib_shutdown_user_alloc_1           0x0800016b   Thumb Code     0  libshutdown2.o(.ARM.Collect$$libshutdown$$0000000B)
    __rt_entry                               0x0800016d   Thumb Code     0  __rtentry.o(.ARM.Collect$$rtentry$$00000000)
    __rt_entry_presh_1                       0x0800016d   Thumb Code     0  __rtentry2.o(.ARM.Collect$$rtentry$$00000002)
    __rt_entry_sh                            0x0800016d   Thumb Code     0  __rtentry4.o(.ARM.Collect$$rtentry$$00000004)
    __rt_entry_li                            0x08000173   Thumb Code     0  __rtentry2.o(.ARM.Collect$$rtentry$$0000000A)
    __rt_entry_postsh_1                      0x08000173   Thumb Code     0  __rtentry2.o(.ARM.Collect$$rtentry$$00000009)
    __rt_entry_main                          0x08000177   Thumb Code     0  __rtentry2.o(.ARM.Collect$$rtentry$$0000000D)
    __rt_entry_postli_1                      0x08000177   Thumb Code     0  __rtentry2.o(.ARM.Collect$$rtentry$$0000000C)
    __rt_exit                                0x0800017f   Thumb Code     0  rtexit.o(.ARM.Collect$$rtexit$$00000000)
    __rt_exit_ls                             0x08000181   Thumb Code     0  rtexit2.o(.ARM.Collect$$rtexit$$00000003)
    __rt_exit_prels_1                        0x08000181   Thumb Code     0  rtexit2.o(.ARM.Collect$$rtexit$$00000002)
    __rt_exit_exit                           0x08000185   Thumb Code     0  rtexit2.o(.ARM.Collect$$rtexit$$00000004)
    main                                     0x0800018d   Thumb Code    24  anocopter.o(.text)
    ANO_Config::ANO_Config()                 0x080001ad   Thumb Code     2  ano_config.o(.text)
    ANO_Config::ANO_Config__sub_object()     0x080001ad   Thumb Code     0  ano_config.o(.text)
    ANO_Config::Pilot_Light()                0x080001af   Thumb Code     2  ano_config.o(.text)
    ANO_Loop()                               0x08000211   Thumb Code    94  ano_scheduler.o(.text)
    ANO_Scheduler::ANO_Scheduler()           0x0800026f   Thumb Code    14  ano_scheduler.o(.text)
    ANO_Scheduler::ANO_Scheduler__sub_object() 0x0800026f   Thumb Code     0  ano_scheduler.o(.text)
    ANO_Filter::LPF_1st_Factor_Cal(float, float) 0x080002a1   Thumb Code    52  ano_filter.o(.text)
    ANO_Filter::LPF_2nd_Factor_Cal(ANO_Filter::LPF2ndData_t*) 0x080002d5   Thumb Code    14  ano_filter.o(.text)
    ANO_Filter::CF_Factor_Cal(float, float)  0x080002e3   Thumb Code    32  ano_filter.o(.text)
    ANO_Filter::LPF_1st(Vector3<float>, Vector3<float>, float) 0x08000303   Thumb Code    78  ano_filter.o(.text)
    ANO_Filter::LPF_2nd(ANO_Filter::LPF2ndData_t*, Vector3<float>) 0x08000351   Thumb Code   156  ano_filter.o(.text)
    ANO_Filter::CF_1st(Vector3<float>, Vector3<float>, float) 0x080003ed   Thumb Code    78  ano_filter.o(.text)
    ANO_IMU::ANO_IMU()                       0x0800044d   Thumb Code   108  ano_imu.o(.text)
    ANO_IMU::ANO_IMU__sub_object()           0x0800044d   Thumb Code     0  ano_imu.o(.text)
    ANO_IMU::sensor_Init()                   0x080004b9   Thumb Code    18  ano_imu.o(.text)
    ANO_IMU::filter_Init()                   0x080004cb   Thumb Code    44  ano_imu.o(.text)
    ANO_IMU::Init()                          0x080004f7   Thumb Code    18  ano_imu.o(.text)
    ANO_IMU::updateSensor()                  0x08000509   Thumb Code    54  ano_imu.o(.text)
    ANO_IMU::DCM_CF(Vector3<float>, Vector3<float>, float) 0x0800053f   Thumb Code   346  ano_imu.o(.text)
    ANO_IMU::getDeltaT(unsigned)             0x08000699   Thumb Code    46  ano_imu.o(.text)
    ANO_IMU::getAttitude()                   0x080006c7   Thumb Code    82  ano_imu.o(.text)
    ANO_IMU::Quaternion_CF(Vector3<float>, Vector3<float>, float) 0x08000719   Thumb Code   190  ano_imu.o(.text)
    ANO_DT::Send_Data(unsigned char*, unsigned char) 0x0800082d   Thumb Code    22  ano_dt.o(.text)
    ANO_DT::Send_Check(unsigned short)       0x08000843   Thumb Code    76  ano_dt.o(.text)
    ANO_DT::Data_Receive_Anl(unsigned char*, unsigned char) 0x0800088f   Thumb Code   574  ano_dt.o(.text)
    ANO_DT::Check_Event()                    0x08000acd   Thumb Code    12  ano_dt.o(.text)
    ANO_DT::Send_PID2()                      0x08000ad9   Thumb Code   480  ano_dt.o(.text)
    ANO_DT::Send_PID1()                      0x08000cb9   Thumb Code   440  ano_dt.o(.text)
    ANO_DT::Send_MotoPWM()                   0x08000e71   Thumb Code   336  ano_dt.o(.text)
    ANO_DT::Send_RCData()                    0x08000fc1   Thumb Code   354  ano_dt.o(.text)
    ANO_DT::Send_Senser()                    0x08001123   Thumb Code   462  ano_dt.o(.text)
    ANO_DT::Send_Status()                    0x080012f1   Thumb Code   308  ano_dt.o(.text)
    ANO_DT::Data_Exchange()                  0x08001425   Thumb Code   190  ano_dt.o(.text)
    ANO_DT::Failsafe_Check()                 0x080014e3   Thumb Code    46  ano_dt.o(.text)
    ANO_Motor::writeMotor(unsigned short, int, int, int) 0x0800151d   Thumb Code   524  ano_motor.o(.text)
    ANO_Motor::getPWM(unsigned short*)       0x08001729   Thumb Code    26  ano_motor.o(.text)
    ANO_RC::Init()                           0x0800175d   Thumb Code     2  ano_rc.o(.text)
    ANO_RC::ANO_RC()                         0x0800175f   Thumb Code    14  ano_rc.o(.text)
    ANO_RC::ANO_RC__sub_object()             0x0800175f   Thumb Code     0  ano_rc.o(.text)
    ANO_RC::Cal_Command()                    0x0800176d   Thumb Code   252  ano_rc.o(.text)
    ANO_RC::check_sticks()                   0x08001869   Thumb Code   236  ano_rc.o(.text)
    ANO_PID::get_d(int, unsigned short)      0x08001991   Thumb Code    66  ano_pid.o(.text)
    ANO_PID::get_i(int, unsigned short)      0x080019d3   Thumb Code    64  ano_pid.o(.text)
    ANO_PID::get_p(int)                      0x08001a13   Thumb Code    18  ano_pid.o(.text)
    ANO_PID::get_pid(int, unsigned short)    0x08001a25   Thumb Code    48  ano_pid.o(.text)
    ANO_PID::get_pi(int, unsigned short)     0x08001a55   Thumb Code    36  ano_pid.o(.text)
    ANO_PID::reset_I()                       0x08001a79   Thumb Code     6  ano_pid.o(.text)
    ANO_FlyControl::PID_Reset()              0x08001a81   Thumb Code    96  ano_flycontrol.o(.text)
    ANO_FlyControl::ANO_FlyControl()         0x08001ae1   Thumb Code    34  ano_flycontrol.o(.text)
    ANO_FlyControl::ANO_FlyControl__sub_object() 0x08001ae1   Thumb Code     0  ano_flycontrol.o(.text)
    ANO_FlyControl::Attitude_Outter_Loop()   0x08001b03   Thumb Code   272  ano_flycontrol.o(.text)
    ANO_FlyControl::Attitude_Inner_Loop()    0x08001c13   Thumb Code   162  ano_flycontrol.o(.text)
    ANO_Param::SAVE_FirstInitFlag()          0x08001ce5   Thumb Code    18  ano_param.o(.text)
    ANO_Param::READ_GYRO_OFFSET()            0x08001cf7   Thumb Code    68  ano_param.o(.text)
    ANO_Param::READ_ACC_OFFSET()             0x08001d3b   Thumb Code    68  ano_param.o(.text)
    ANO_Param::READ_PID()                    0x08001d7f   Thumb Code   344  ano_param.o(.text)
    ANO_Param::READ_CONF()                   0x08001ed7   Thumb Code    24  ano_param.o(.text)
    ANO_Param::SAVE_PID()                    0x08001eef   Thumb Code   272  ano_param.o(.text)
    ANO_Param::READ_FirstInitFlag()          0x08001fff   Thumb Code    20  ano_param.o(.text)
    ANO_Param::Init()                        0x08002013   Thumb Code    38  ano_param.o(.text)
    ANO_Param::SAVE_ACC_OFFSET()             0x08002039   Thumb Code    48  ano_param.o(.text)
    ANO_Param::SAVE_GYRO_OFFSET()            0x08002069   Thumb Code    48  ano_param.o(.text)
    safe_asin(float)                         0x080020a9   Thumb Code    54  ano_math.o(.text)
    constrain_float(float, float, float)     0x080020df   Thumb Code    72  ano_math.o(.text)
    constrain_int16(short, short, short)     0x08002127   Thumb Code    22  ano_math.o(.text)
    constrain_uint16(unsigned short, unsigned short, unsigned short) 0x0800213d   Thumb Code    22  ano_math.o(.text)
    constrain_int32(int, int, int)           0x08002153   Thumb Code    22  ano_math.o(.text)
    radians(float)                           0x08002169   Thumb Code    14  ano_math.o(.text)
    degrees(float)                           0x08002177   Thumb Code    14  ano_math.o(.text)
    sq(float)                                0x08002185   Thumb Code    14  ano_math.o(.text)
    pythagorous2(float, float)               0x08002193   Thumb Code    40  ano_math.o(.text)
    pythagorous3(float, float, float)        0x080021bb   Thumb Code    58  ano_math.o(.text)
    pythagorous4(float, float, float, float) 0x080021f5   Thumb Code    76  ano_math.o(.text)
    Quaternion::normalize()                  0x08002255   Thumb Code    56  ano_quaternion.o(.text)
    Quaternion::rotation_matrix(Matrix3<float>&) 0x0800228d   Thumb Code   316  ano_quaternion.o(.text)
    Quaternion::vector_gravity(Vector3<float>&) 0x080023c9   Thumb Code   136  ano_quaternion.o(.text)
    Quaternion::earth_to_body(Vector3<float>&) 0x08002451   Thumb Code    90  ano_quaternion.o(.text)
    Quaternion::Runge_Kutta_1st(Vector3<float>&, float) 0x080024ab   Thumb Code   500  ano_quaternion.o(.text)
    Quaternion::from_euler(float, float, float) 0x0800269f   Thumb Code   304  ano_quaternion.o(.text)
    Quaternion::to_euler(float*, float*, float*) 0x080027cf   Thumb Code   278  ano_quaternion.o(.text)
    SysTick_IRQ()                            0x080028ff   Thumb Code    54  board.o(.text)
    LED_INIT()                               0x08002935   Thumb Code    40  board.o(.text)
    GetSysTime_us()                          0x0800295d   Thumb Code    58  board.o(.text)
    ANO_Quadcopter_board_Init()              0x08002997   Thumb Code   144  board.o(.text)
    NMI_Handler                              0x08002a4d   Thumb Code     2  stm32f10x_it.o(.text)
    MemManage_Handler                        0x08002a4f   Thumb Code     4  stm32f10x_it.o(.text)
    BusFault_Handler                         0x08002a53   Thumb Code     4  stm32f10x_it.o(.text)
    UsageFault_Handler                       0x08002a57   Thumb Code     4  stm32f10x_it.o(.text)
    SVC_Handler                              0x08002a5b   Thumb Code     2  stm32f10x_it.o(.text)
    DebugMon_Handler                         0x08002a5d   Thumb Code     2  stm32f10x_it.o(.text)
    SysTick_Handler                          0x08002a5f   Thumb Code     8  stm32f10x_it.o(.text)
    USART1_IRQHandler                        0x08002a67   Thumb Code     2  stm32f10x_it.o(.text)
    ANO_I2C_Soft::ANO_I2C_Soft()             0x08002a69   Thumb Code     2  ano_drv_i2c_soft.o(.text)
    ANO_I2C_Soft::ANO_I2C_Soft__sub_object() 0x08002a69   Thumb Code     0  ano_drv_i2c_soft.o(.text)
    ANO_I2C_Soft::Init()                     0x08002a6b   Thumb Code    68  ano_drv_i2c_soft.o(.text)
    ANO_I2C_Soft::I2C_delay()                0x08002aaf   Thumb Code     2  ano_drv_i2c_soft.o(.text)
    ANO_I2C_Soft::I2C_Stop()                 0x08002ab1   Thumb Code    70  ano_drv_i2c_soft.o(.text)
    ANO_I2C_Soft::I2C_WaitAck()              0x08002af7   Thumb Code   104  ano_drv_i2c_soft.o(.text)
    ANO_I2C_Soft::I2C_SendByte(unsigned char) 0x08002b5f   Thumb Code    96  ano_drv_i2c_soft.o(.text)
    ANO_I2C_Soft::I2C_Start()                0x08002bbf   Thumb Code   100  ano_drv_i2c_soft.o(.text)
    ANO_I2C_Soft::I2C_Single_Write(unsigned char, unsigned char, unsigned char) 0x08002c23   Thumb Code    86  ano_drv_i2c_soft.o(.text)
    ANO_I2C_Soft::I2C_NoAck()                0x08002c79   Thumb Code    70  ano_drv_i2c_soft.o(.text)
    ANO_I2C_Soft::I2C_ReadByte()             0x08002cbf   Thumb Code    90  ano_drv_i2c_soft.o(.text)
    ANO_I2C_Soft::I2C_Single_Read(unsigned char, unsigned char) 0x08002d19   Thumb Code   106  ano_drv_i2c_soft.o(.text)
    ANO_I2C_Soft::I2C_Ack()                  0x08002d83   Thumb Code    70  ano_drv_i2c_soft.o(.text)
    ANO_I2C_Soft::I2C_Mult_Read(unsigned char, unsigned char, unsigned char*, unsigned char) 0x08002dc9   Thumb Code   160  ano_drv_i2c_soft.o(.text)
    ANO_MPU6050::ANO_MPU6050()               0x08002e69   Thumb Code    72  ano_drv_mpu6050.o(.text)
    ANO_MPU6050::ANO_MPU6050__sub_object()   0x08002e69   Thumb Code     0  ano_drv_mpu6050.o(.text)
    ANO_MPU6050::delayms(unsigned short)     0x08002eb1   Thumb Code    32  ano_drv_mpu6050.o(.text)
    ANO_MPU6050::Init(unsigned short, unsigned short) 0x08002ed1   Thumb Code   190  ano_drv_mpu6050.o(.text)
    ANO_MPU6050::CalOffset_Acc()             0x08002f8f   Thumb Code   232  ano_drv_mpu6050.o(.text)
    ANO_MPU6050::Read_Acc_Data()             0x08003077   Thumb Code   186  ano_drv_mpu6050.o(.text)
    ANO_MPU6050::CalOffset_Gyro()            0x08003131   Thumb Code   220  ano_drv_mpu6050.o(.text)
    ANO_MPU6050::Read_Gyro_Data()            0x0800320d   Thumb Code   186  ano_drv_mpu6050.o(.text)
    ANO_MPU6050::Get_Acc()                   0x080032c7   Thumb Code    14  ano_drv_mpu6050.o(.text)
    ANO_MPU6050::Get_Gyro()                  0x080032d5   Thumb Code    14  ano_drv_mpu6050.o(.text)
    ANO_MPU6050::Get_Gyro_in_dps()           0x080032e3   Thumb Code    66  ano_drv_mpu6050.o(.text)
    ANO_NRF::Write_Reg(unsigned char, unsigned char) 0x08003355   Thumb Code    46  ano_drv_nrf24l01.o(.text)
    ANO_NRF::Write_Buf(unsigned char, unsigned char*, unsigned char) 0x08003383   Thumb Code    60  ano_drv_nrf24l01.o(.text)
    ANO_NRF::Init(unsigned char, unsigned char) 0x080033bf   Thumb Code   286  ano_drv_nrf24l01.o(.text)
    ANO_NRF::TxPacket(unsigned char*, unsigned char) 0x080034dd   Thumb Code    46  ano_drv_nrf24l01.o(.text)
    ANO_NRF::TxPacket_AP(unsigned char*, unsigned char) 0x0800350b   Thumb Code    34  ano_drv_nrf24l01.o(.text)
    ANO_NRF::Read_Buf(unsigned char, unsigned char*, unsigned char) 0x0800352d   Thumb Code    62  ano_drv_nrf24l01.o(.text)
    ANO_NRF::Check()                         0x0800356b   Thumb Code    68  ano_drv_nrf24l01.o(.text)
    ANO_NRF::Read_Reg(unsigned char)         0x080035af   Thumb Code    40  ano_drv_nrf24l01.o(.text)
    ANO_NRF::Check_Event()                   0x080035d7   Thumb Code   120  ano_drv_nrf24l01.o(.text)
    ANO_PWM::out_Init(unsigned short)        0x08003661   Thumb Code   384  ano_drv_pwm.o(.text)
    ANO_PWM::SetPwm(unsigned short*)         0x080037e1   Thumb Code   254  ano_drv_pwm.o(.text)
    InitCurrWrAddress()                      0x0800394d   Thumb Code    92  ano_drv_eeprom.o(.text)
    EE_ReadVariable(unsigned short, unsigned short*) 0x08003a57   Thumb Code    88  ano_drv_eeprom.o(.text)
    __EE_Init()                              0x08003aaf   Thumb Code   488  ano_drv_eeprom.o(.text)
    EE_Init()                                0x08003c97   Thumb Code    16  ano_drv_eeprom.o(.text)
    EE_WriteVariable(unsigned short, unsigned short) 0x08003da1   Thumb Code    36  ano_drv_eeprom.o(.text)
    ANO_SPI2::Init()                         0x08003dd5   Thumb Code   196  ano_drv_spi.o(.text)
    ANO_SPI2::RW(unsigned char)              0x08003e99   Thumb Code    52  ano_drv_spi.o(.text)
    ANO_SPI2::CE_H()                         0x08003ecd   Thumb Code    16  ano_drv_spi.o(.text)
    ANO_SPI2::CE_L()                         0x08003edd   Thumb Code    16  ano_drv_spi.o(.text)
    ANO_SPI2::CSN_H()                        0x08003eed   Thumb Code    16  ano_drv_spi.o(.text)
    ANO_SPI2::CSN_L()                        0x08003efd   Thumb Code    16  ano_drv_spi.o(.text)
    NVIC_PriorityGroupConfig                 0x08003f19   Thumb Code    10  misc.o(.text)
    NVIC_Init                                0x08003f23   Thumb Code   100  misc.o(.text)
    NVIC_SetVectorTable                      0x08003f87   Thumb Code    14  misc.o(.text)
    NVIC_SystemLPConfig                      0x08003f95   Thumb Code    34  misc.o(.text)
    SysTick_CLKSourceConfig                  0x08003fb7   Thumb Code    40  misc.o(.text)
    GPIO_DeInit                              0x08003ff5   Thumb Code   172  stm32f10x_gpio.o(.text)
    GPIO_AFIODeInit                          0x080040a1   Thumb Code    20  stm32f10x_gpio.o(.text)
    GPIO_Init                                0x080040b5   Thumb Code   278  stm32f10x_gpio.o(.text)
    GPIO_StructInit                          0x080041cb   Thumb Code    16  stm32f10x_gpio.o(.text)
    GPIO_ReadInputDataBit                    0x080041db   Thumb Code    18  stm32f10x_gpio.o(.text)
    GPIO_ReadInputData                       0x080041ed   Thumb Code     8  stm32f10x_gpio.o(.text)
    GPIO_ReadOutputDataBit                   0x080041f5   Thumb Code    18  stm32f10x_gpio.o(.text)
    GPIO_ReadOutputData                      0x08004207   Thumb Code     8  stm32f10x_gpio.o(.text)
    GPIO_SetBits                             0x0800420f   Thumb Code     4  stm32f10x_gpio.o(.text)
    GPIO_ResetBits                           0x08004213   Thumb Code     4  stm32f10x_gpio.o(.text)
    GPIO_WriteBit                            0x08004217   Thumb Code    10  stm32f10x_gpio.o(.text)
    GPIO_Write                               0x08004221   Thumb Code     4  stm32f10x_gpio.o(.text)
    GPIO_PinLockConfig                       0x08004225   Thumb Code    18  stm32f10x_gpio.o(.text)
    GPIO_EventOutputConfig                   0x08004237   Thumb Code    26  stm32f10x_gpio.o(.text)
    GPIO_EventOutputCmd                      0x08004251   Thumb Code     6  stm32f10x_gpio.o(.text)
    GPIO_PinRemapConfig                      0x08004257   Thumb Code   138  stm32f10x_gpio.o(.text)
    GPIO_EXTILineConfig                      0x080042e1   Thumb Code    66  stm32f10x_gpio.o(.text)
    GPIO_ETH_MediaInterfaceConfig            0x08004323   Thumb Code     8  stm32f10x_gpio.o(.text)
    RCC_DeInit                               0x08004351   Thumb Code    64  stm32f10x_rcc.o(.text)
    RCC_HSEConfig                            0x08004391   Thumb Code    70  stm32f10x_rcc.o(.text)
    RCC_GetFlagStatus                        0x080043d7   Thumb Code    56  stm32f10x_rcc.o(.text)
    RCC_WaitForHSEStartUp                    0x0800440f   Thumb Code    56  stm32f10x_rcc.o(.text)
    RCC_AdjustHSICalibrationValue            0x08004447   Thumb Code    20  stm32f10x_rcc.o(.text)
    RCC_HSICmd                               0x0800445b   Thumb Code     6  stm32f10x_rcc.o(.text)
    RCC_PLLConfig                            0x08004461   Thumb Code    24  stm32f10x_rcc.o(.text)
    RCC_PLLCmd                               0x08004479   Thumb Code     6  stm32f10x_rcc.o(.text)
    RCC_SYSCLKConfig                         0x0800447f   Thumb Code    18  stm32f10x_rcc.o(.text)
    RCC_GetSYSCLKSource                      0x08004491   Thumb Code    10  stm32f10x_rcc.o(.text)
    RCC_HCLKConfig                           0x0800449b   Thumb Code    18  stm32f10x_rcc.o(.text)
    RCC_PCLK1Config                          0x080044ad   Thumb Code    18  stm32f10x_rcc.o(.text)
    RCC_PCLK2Config                          0x080044bf   Thumb Code    20  stm32f10x_rcc.o(.text)
    RCC_ITConfig                             0x080044d3   Thumb Code    26  stm32f10x_rcc.o(.text)
    RCC_USBCLKConfig                         0x080044ed   Thumb Code     8  stm32f10x_rcc.o(.text)
    RCC_ADCCLKConfig                         0x080044f5   Thumb Code    18  stm32f10x_rcc.o(.text)
    RCC_LSEConfig                            0x08004507   Thumb Code    50  stm32f10x_rcc.o(.text)
    RCC_LSICmd                               0x08004539   Thumb Code     6  stm32f10x_rcc.o(.text)
    RCC_RTCCLKConfig                         0x0800453f   Thumb Code    12  stm32f10x_rcc.o(.text)
    RCC_RTCCLKCmd                            0x0800454b   Thumb Code     8  stm32f10x_rcc.o(.text)
    RCC_GetClocksFreq                        0x08004553   Thumb Code   192  stm32f10x_rcc.o(.text)
    RCC_AHBPeriphClockCmd                    0x08004613   Thumb Code    26  stm32f10x_rcc.o(.text)
    RCC_APB2PeriphClockCmd                   0x0800462d   Thumb Code    26  stm32f10x_rcc.o(.text)
    RCC_APB1PeriphClockCmd                   0x08004647   Thumb Code    26  stm32f10x_rcc.o(.text)
    RCC_APB2PeriphResetCmd                   0x08004661   Thumb Code    26  stm32f10x_rcc.o(.text)
    RCC_APB1PeriphResetCmd                   0x0800467b   Thumb Code    26  stm32f10x_rcc.o(.text)
    RCC_BackupResetCmd                       0x08004695   Thumb Code     8  stm32f10x_rcc.o(.text)
    RCC_ClockSecuritySystemCmd               0x0800469d   Thumb Code     6  stm32f10x_rcc.o(.text)
    RCC_MCOConfig                            0x080046a3   Thumb Code     6  stm32f10x_rcc.o(.text)
    RCC_ClearFlag                            0x080046a9   Thumb Code    14  stm32f10x_rcc.o(.text)
    RCC_GetITStatus                          0x080046b7   Thumb Code    20  stm32f10x_rcc.o(.text)
    RCC_ClearITPendingBit                    0x080046cb   Thumb Code     6  stm32f10x_rcc.o(.text)
    TIM_DeInit                               0x080046f5   Thumb Code   424  stm32f10x_tim.o(.text)
    TIM_TimeBaseInit                         0x0800489d   Thumb Code   122  stm32f10x_tim.o(.text)
    TIM_OC1Init                              0x08004917   Thumb Code   132  stm32f10x_tim.o(.text)
    TIM_OC2Init                              0x0800499b   Thumb Code   154  stm32f10x_tim.o(.text)
    TIM_OC3Init                              0x08004a35   Thumb Code   150  stm32f10x_tim.o(.text)
    TIM_OC4Init                              0x08004acb   Thumb Code   182  stm32f10x_tim.o(.text)
    TIM_SetIC4Prescaler                      0x08004b81   Thumb Code    26  stm32f10x_tim.o(.text)
    TIM_SetIC3Prescaler                      0x08004c1d   Thumb Code    18  stm32f10x_tim.o(.text)
    TIM_SetIC2Prescaler                      0x08004ca9   Thumb Code    26  stm32f10x_tim.o(.text)
    TIM_SetIC1Prescaler                      0x08004d45   Thumb Code    18  stm32f10x_tim.o(.text)
    TIM_ICInit                               0x08004dc3   Thumb Code   150  stm32f10x_tim.o(.text)
    TIM_PWMIConfig                           0x08004e59   Thumb Code   124  stm32f10x_tim.o(.text)
    TIM_BDTRConfig                           0x08004ed5   Thumb Code    32  stm32f10x_tim.o(.text)
    TIM_TimeBaseStructInit                   0x08004ef5   Thumb Code    18  stm32f10x_tim.o(.text)
    TIM_OCStructInit                         0x08004f07   Thumb Code    20  stm32f10x_tim.o(.text)
    TIM_ICStructInit                         0x08004f1b   Thumb Code    18  stm32f10x_tim.o(.text)
    TIM_BDTRStructInit                       0x08004f2d   Thumb Code    40  stm32f10x_tim.o(.text)
    TIM_Cmd                                  0x08004f55   Thumb Code    24  stm32f10x_tim.o(.text)
    TIM_CtrlPWMOutputs                       0x08004f6d   Thumb Code    30  stm32f10x_tim.o(.text)
    TIM_ITConfig                             0x08004f8b   Thumb Code    18  stm32f10x_tim.o(.text)
    TIM_GenerateEvent                        0x08004f9d   Thumb Code     4  stm32f10x_tim.o(.text)
    TIM_DMAConfig                            0x08004fa1   Thumb Code    10  stm32f10x_tim.o(.text)
    TIM_DMACmd                               0x08004fab   Thumb Code    18  stm32f10x_tim.o(.text)
    TIM_InternalClockConfig                  0x08004fbd   Thumb Code    12  stm32f10x_tim.o(.text)
    TIM_SelectInputTrigger                   0x08004fc9   Thumb Code    18  stm32f10x_tim.o(.text)
    TIM_ITRxExternalClockConfig              0x08004fdb   Thumb Code    24  stm32f10x_tim.o(.text)
    TIM_TIxExternalClockConfig               0x08004ff3   Thumb Code    62  stm32f10x_tim.o(.text)
    TIM_ETRConfig                            0x08005031   Thumb Code    28  stm32f10x_tim.o(.text)
    TIM_ETRClockMode1Config                  0x0800504d   Thumb Code    54  stm32f10x_tim.o(.text)
    TIM_ETRClockMode2Config                  0x08005083   Thumb Code    32  stm32f10x_tim.o(.text)
    TIM_PrescalerConfig                      0x080050a3   Thumb Code     6  stm32f10x_tim.o(.text)
    TIM_CounterModeConfig                    0x080050a9   Thumb Code    18  stm32f10x_tim.o(.text)
    TIM_EncoderInterfaceConfig               0x080050bb   Thumb Code    66  stm32f10x_tim.o(.text)
    TIM_ForcedOC1Config                      0x080050fd   Thumb Code    18  stm32f10x_tim.o(.text)
    TIM_ForcedOC2Config                      0x0800510f   Thumb Code    26  stm32f10x_tim.o(.text)
    TIM_ForcedOC3Config                      0x08005129   Thumb Code    18  stm32f10x_tim.o(.text)
    TIM_ForcedOC4Config                      0x0800513b   Thumb Code    26  stm32f10x_tim.o(.text)
    TIM_ARRPreloadConfig                     0x08005155   Thumb Code    24  stm32f10x_tim.o(.text)
    TIM_SelectCOM                            0x0800516d   Thumb Code    24  stm32f10x_tim.o(.text)
    TIM_SelectCCDMA                          0x08005185   Thumb Code    24  stm32f10x_tim.o(.text)
    TIM_CCPreloadControl                     0x0800519d   Thumb Code    24  stm32f10x_tim.o(.text)
    TIM_OC1PreloadConfig                     0x080051b5   Thumb Code    18  stm32f10x_tim.o(.text)
    TIM_OC2PreloadConfig                     0x080051c7   Thumb Code    26  stm32f10x_tim.o(.text)
    TIM_OC3PreloadConfig                     0x080051e1   Thumb Code    18  stm32f10x_tim.o(.text)
    TIM_OC4PreloadConfig                     0x080051f3   Thumb Code    26  stm32f10x_tim.o(.text)
    TIM_OC1FastConfig                        0x0800520d   Thumb Code    18  stm32f10x_tim.o(.text)
    TIM_OC2FastConfig                        0x0800521f   Thumb Code    26  stm32f10x_tim.o(.text)
    TIM_OC3FastConfig                        0x08005239   Thumb Code    18  stm32f10x_tim.o(.text)
    TIM_OC4FastConfig                        0x0800524b   Thumb Code    26  stm32f10x_tim.o(.text)
    TIM_ClearOC1Ref                          0x08005265   Thumb Code    18  stm32f10x_tim.o(.text)
    TIM_ClearOC2Ref                          0x08005277   Thumb Code    24  stm32f10x_tim.o(.text)
    TIM_ClearOC3Ref                          0x0800528f   Thumb Code    18  stm32f10x_tim.o(.text)
    TIM_ClearOC4Ref                          0x080052a1   Thumb Code    24  stm32f10x_tim.o(.text)
    TIM_OC1PolarityConfig                    0x080052b9   Thumb Code    18  stm32f10x_tim.o(.text)
    TIM_OC1NPolarityConfig                   0x080052cb   Thumb Code    18  stm32f10x_tim.o(.text)
    TIM_OC2PolarityConfig                    0x080052dd   Thumb Code    26  stm32f10x_tim.o(.text)
    TIM_OC2NPolarityConfig                   0x080052f7   Thumb Code    26  stm32f10x_tim.o(.text)
    TIM_OC3PolarityConfig                    0x08005311   Thumb Code    26  stm32f10x_tim.o(.text)
    TIM_OC3NPolarityConfig                   0x0800532b   Thumb Code    26  stm32f10x_tim.o(.text)
    TIM_OC4PolarityConfig                    0x08005345   Thumb Code    26  stm32f10x_tim.o(.text)
    TIM_CCxCmd                               0x0800535f   Thumb Code    30  stm32f10x_tim.o(.text)
    TIM_CCxNCmd                              0x0800537d   Thumb Code    30  stm32f10x_tim.o(.text)
    TIM_SelectOCxM                           0x0800539b   Thumb Code    82  stm32f10x_tim.o(.text)
    TIM_UpdateDisableConfig                  0x080053ed   Thumb Code    24  stm32f10x_tim.o(.text)
    TIM_UpdateRequestConfig                  0x08005405   Thumb Code    24  stm32f10x_tim.o(.text)
    TIM_SelectHallSensor                     0x0800541d   Thumb Code    24  stm32f10x_tim.o(.text)
    TIM_SelectOnePulseMode                   0x08005435   Thumb Code    18  stm32f10x_tim.o(.text)
    TIM_SelectOutputTrigger                  0x08005447   Thumb Code    18  stm32f10x_tim.o(.text)
    TIM_SelectSlaveMode                      0x08005459   Thumb Code    18  stm32f10x_tim.o(.text)
    TIM_SelectMasterSlaveMode                0x0800546b   Thumb Code    18  stm32f10x_tim.o(.text)
    TIM_SetCounter                           0x0800547d   Thumb Code     4  stm32f10x_tim.o(.text)
    TIM_SetAutoreload                        0x08005481   Thumb Code     4  stm32f10x_tim.o(.text)
    TIM_SetCompare1                          0x08005485   Thumb Code     4  stm32f10x_tim.o(.text)
    TIM_SetCompare2                          0x08005489   Thumb Code     4  stm32f10x_tim.o(.text)
    TIM_SetCompare3                          0x0800548d   Thumb Code     4  stm32f10x_tim.o(.text)
    TIM_SetCompare4                          0x08005491   Thumb Code     6  stm32f10x_tim.o(.text)
    TIM_SetClockDivision                     0x08005497   Thumb Code    18  stm32f10x_tim.o(.text)
    TIM_GetCapture1                          0x080054a9   Thumb Code     6  stm32f10x_tim.o(.text)
    TIM_GetCapture2                          0x080054af   Thumb Code     6  stm32f10x_tim.o(.text)
    TIM_GetCapture3                          0x080054b5   Thumb Code     6  stm32f10x_tim.o(.text)
    TIM_GetCapture4                          0x080054bb   Thumb Code     8  stm32f10x_tim.o(.text)
    TIM_GetCounter                           0x080054c3   Thumb Code     6  stm32f10x_tim.o(.text)
    TIM_GetPrescaler                         0x080054c9   Thumb Code     6  stm32f10x_tim.o(.text)
    TIM_GetFlagStatus                        0x080054cf   Thumb Code    18  stm32f10x_tim.o(.text)
    TIM_ClearFlag                            0x080054e1   Thumb Code     6  stm32f10x_tim.o(.text)
    TIM_GetITStatus                          0x080054e7   Thumb Code    34  stm32f10x_tim.o(.text)
    TIM_ClearITPendingBit                    0x08005509   Thumb Code     6  stm32f10x_tim.o(.text)
    FLASH_SetLatency                         0x08005511   Thumb Code    18  stm32f10x_flash.o(.text)
    FLASH_HalfCycleAccessCmd                 0x08005523   Thumb Code    22  stm32f10x_flash.o(.text)
    FLASH_PrefetchBufferCmd                  0x08005539   Thumb Code    22  stm32f10x_flash.o(.text)
    FLASH_Unlock                             0x0800554f   Thumb Code    12  stm32f10x_flash.o(.text)
    FLASH_UnlockBank1                        0x0800555b   Thumb Code    12  stm32f10x_flash.o(.text)
    FLASH_Lock                               0x08005567   Thumb Code    14  stm32f10x_flash.o(.text)
    FLASH_LockBank1                          0x08005575   Thumb Code    14  stm32f10x_flash.o(.text)
    FLASH_GetBank1Status                     0x08005583   Thumb Code    48  stm32f10x_flash.o(.text)
    FLASH_WaitForLastOperation               0x080055b3   Thumb Code    38  stm32f10x_flash.o(.text)
    FLASH_ErasePage                          0x080055d9   Thumb Code    72  stm32f10x_flash.o(.text)
    FLASH_EraseAllPages                      0x08005621   Thumb Code    68  stm32f10x_flash.o(.text)
    FLASH_WaitForLastBank1Operation          0x08005665   Thumb Code    38  stm32f10x_flash.o(.text)
    FLASH_EraseAllBank1Pages                 0x0800568b   Thumb Code    68  stm32f10x_flash.o(.text)
    FLASH_GetReadOutProtectionStatus         0x080056cf   Thumb Code    20  stm32f10x_flash.o(.text)
    FLASH_EraseOptionBytes                   0x080056e3   Thumb Code   150  stm32f10x_flash.o(.text)
    FLASH_ProgramWord                        0x08005779   Thumb Code   102  stm32f10x_flash.o(.text)
    FLASH_ProgramHalfWord                    0x080057df   Thumb Code    60  stm32f10x_flash.o(.text)
    FLASH_ProgramOptionByteData              0x0800581b   Thumb Code    72  stm32f10x_flash.o(.text)
    FLASH_EnableWriteProtection              0x08005863   Thumb Code   200  stm32f10x_flash.o(.text)
    FLASH_ReadOutProtection                  0x0800592b   Thumb Code   156  stm32f10x_flash.o(.text)
    FLASH_UserOptionByteConfig               0x080059c7   Thumb Code    88  stm32f10x_flash.o(.text)
    FLASH_GetUserOptionByte                  0x08005a1f   Thumb Code     8  stm32f10x_flash.o(.text)
    FLASH_GetWriteProtectionOptionByte       0x08005a27   Thumb Code     6  stm32f10x_flash.o(.text)
    FLASH_GetPrefetchBufferStatus            0x08005a2d   Thumb Code    20  stm32f10x_flash.o(.text)
    FLASH_ITConfig                           0x08005a41   Thumb Code    26  stm32f10x_flash.o(.text)
    FLASH_GetFlagStatus                      0x08005a5b   Thumb Code    42  stm32f10x_flash.o(.text)
    FLASH_ClearFlag                          0x08005a85   Thumb Code     6  stm32f10x_flash.o(.text)
    FLASH_GetStatus                          0x08005a8b   Thumb Code    48  stm32f10x_flash.o(.text)
    SystemInit                               0x08005bab   Thumb Code    78  system_stm32f10x.o(.text)
    SystemCoreClockUpdate                    0x08005bf9   Thumb Code   142  system_stm32f10x.o(.text)
    Reset_Handler                            0x08005cad   Thumb Code     8  startup_stm32f10x_md.o(.text)
    HardFault_Handler                        0x08005cb7   Thumb Code     2  startup_stm32f10x_md.o(.text)
    PendSV_Handler                           0x08005cc3   Thumb Code     2  startup_stm32f10x_md.o(.text)
    ADC1_2_IRQHandler                        0x08005cc7   Thumb Code     0  startup_stm32f10x_md.o(.text)
    CAN1_RX1_IRQHandler                      0x08005cc7   Thumb Code     0  startup_stm32f10x_md.o(.text)
    CAN1_SCE_IRQHandler                      0x08005cc7   Thumb Code     0  startup_stm32f10x_md.o(.text)
    DMA1_Channel1_IRQHandler                 0x08005cc7   Thumb Code     0  startup_stm32f10x_md.o(.text)
    DMA1_Channel2_IRQHandler                 0x08005cc7   Thumb Code     0  startup_stm32f10x_md.o(.text)
    DMA1_Channel3_IRQHandler                 0x08005cc7   Thumb Code     0  startup_stm32f10x_md.o(.text)
    DMA1_Channel4_IRQHandler                 0x08005cc7   Thumb Code     0  startup_stm32f10x_md.o(.text)
    DMA1_Channel5_IRQHandler                 0x08005cc7   Thumb Code     0  startup_stm32f10x_md.o(.text)
    DMA1_Channel6_IRQHandler                 0x08005cc7   Thumb Code     0  startup_stm32f10x_md.o(.text)
    DMA1_Channel7_IRQHandler                 0x08005cc7   Thumb Code     0  startup_stm32f10x_md.o(.text)
    EXTI0_IRQHandler                         0x08005cc7   Thumb Code     0  startup_stm32f10x_md.o(.text)
    EXTI15_10_IRQHandler                     0x08005cc7   Thumb Code     0  startup_stm32f10x_md.o(.text)
    EXTI1_IRQHandler                         0x08005cc7   Thumb Code     0  startup_stm32f10x_md.o(.text)
    EXTI2_IRQHandler                         0x08005cc7   Thumb Code     0  startup_stm32f10x_md.o(.text)
    EXTI3_IRQHandler                         0x08005cc7   Thumb Code     0  startup_stm32f10x_md.o(.text)
    EXTI4_IRQHandler                         0x08005cc7   Thumb Code     0  startup_stm32f10x_md.o(.text)
    EXTI9_5_IRQHandler                       0x08005cc7   Thumb Code     0  startup_stm32f10x_md.o(.text)
    FLASH_IRQHandler                         0x08005cc7   Thumb Code     0  startup_stm32f10x_md.o(.text)
    I2C1_ER_IRQHandler                       0x08005cc7   Thumb Code     0  startup_stm32f10x_md.o(.text)
    I2C1_EV_IRQHandler                       0x08005cc7   Thumb Code     0  startup_stm32f10x_md.o(.text)
    I2C2_ER_IRQHandler                       0x08005cc7   Thumb Code     0  startup_stm32f10x_md.o(.text)
    I2C2_EV_IRQHandler                       0x08005cc7   Thumb Code     0  startup_stm32f10x_md.o(.text)
    PVD_IRQHandler                           0x08005cc7   Thumb Code     0  startup_stm32f10x_md.o(.text)
    RCC_IRQHandler                           0x08005cc7   Thumb Code     0  startup_stm32f10x_md.o(.text)
    RTCAlarm_IRQHandler                      0x08005cc7   Thumb Code     0  startup_stm32f10x_md.o(.text)
    RTC_IRQHandler                           0x08005cc7   Thumb Code     0  startup_stm32f10x_md.o(.text)
    SPI1_IRQHandler                          0x08005cc7   Thumb Code     0  startup_stm32f10x_md.o(.text)
    SPI2_IRQHandler                          0x08005cc7   Thumb Code     0  startup_stm32f10x_md.o(.text)
    TAMPER_IRQHandler                        0x08005cc7   Thumb Code     0  startup_stm32f10x_md.o(.text)
    TIM1_BRK_IRQHandler                      0x08005cc7   Thumb Code     0  startup_stm32f10x_md.o(.text)
    TIM1_CC_IRQHandler                       0x08005cc7   Thumb Code     0  startup_stm32f10x_md.o(.text)
    TIM1_TRG_COM_IRQHandler                  0x08005cc7   Thumb Code     0  startup_stm32f10x_md.o(.text)
    TIM1_UP_IRQHandler                       0x08005cc7   Thumb Code     0  startup_stm32f10x_md.o(.text)
    TIM2_IRQHandler                          0x08005cc7   Thumb Code     0  startup_stm32f10x_md.o(.text)
    TIM3_IRQHandler                          0x08005cc7   Thumb Code     0  startup_stm32f10x_md.o(.text)
    TIM4_IRQHandler                          0x08005cc7   Thumb Code     0  startup_stm32f10x_md.o(.text)
    USART2_IRQHandler                        0x08005cc7   Thumb Code     0  startup_stm32f10x_md.o(.text)
    USART3_IRQHandler                        0x08005cc7   Thumb Code     0  startup_stm32f10x_md.o(.text)
    USBWakeUp_IRQHandler                     0x08005cc7   Thumb Code     0  startup_stm32f10x_md.o(.text)
    USB_HP_CAN1_TX_IRQHandler                0x08005cc7   Thumb Code     0  startup_stm32f10x_md.o(.text)
    USB_LP_CAN1_RX0_IRQHandler               0x08005cc7   Thumb Code     0  startup_stm32f10x_md.o(.text)
    WWDG_IRQHandler                          0x08005cc7   Thumb Code     0  startup_stm32f10x_md.o(.text)
    __user_initial_stackheap                 0x08005cc9   Thumb Code     0  startup_stm32f10x_md.o(.text)
    SPI_I2S_DeInit                           0x08005ced   Thumb Code    76  stm32f10x_spi.o(.text)
    SPI_Init                                 0x08005d39   Thumb Code    60  stm32f10x_spi.o(.text)
    I2S_Init                                 0x08005d75   Thumb Code   226  stm32f10x_spi.o(.text)
    SPI_StructInit                           0x08005e57   Thumb Code    24  stm32f10x_spi.o(.text)
    I2S_StructInit                           0x08005e6f   Thumb Code    20  stm32f10x_spi.o(.text)
    SPI_Cmd                                  0x08005e83   Thumb Code    24  stm32f10x_spi.o(.text)
    I2S_Cmd                                  0x08005e9b   Thumb Code    24  stm32f10x_spi.o(.text)
    SPI_I2S_ITConfig                         0x08005eb3   Thumb Code    32  stm32f10x_spi.o(.text)
    SPI_I2S_DMACmd                           0x08005ed3   Thumb Code    18  stm32f10x_spi.o(.text)
    SPI_I2S_SendData                         0x08005ee5   Thumb Code     4  stm32f10x_spi.o(.text)
    SPI_I2S_ReceiveData                      0x08005ee9   Thumb Code     6  stm32f10x_spi.o(.text)
    SPI_NSSInternalSoftwareConfig            0x08005eef   Thumb Code    30  stm32f10x_spi.o(.text)
    SPI_SSOutputCmd                          0x08005f0d   Thumb Code    24  stm32f10x_spi.o(.text)
    SPI_DataSizeConfig                       0x08005f25   Thumb Code    18  stm32f10x_spi.o(.text)
    SPI_TransmitCRC                          0x08005f37   Thumb Code    10  stm32f10x_spi.o(.text)
    SPI_CalculateCRC                         0x08005f41   Thumb Code    24  stm32f10x_spi.o(.text)
    SPI_GetCRC                               0x08005f59   Thumb Code    16  stm32f10x_spi.o(.text)
    SPI_GetCRCPolynomial                     0x08005f69   Thumb Code     6  stm32f10x_spi.o(.text)
    SPI_BiDirectionalLineConfig              0x08005f6f   Thumb Code    28  stm32f10x_spi.o(.text)
    SPI_I2S_GetFlagStatus                    0x08005f8b   Thumb Code    18  stm32f10x_spi.o(.text)
    SPI_I2S_ClearFlag                        0x08005f9d   Thumb Code     6  stm32f10x_spi.o(.text)
    SPI_I2S_GetITStatus                      0x08005fa3   Thumb Code    52  stm32f10x_spi.o(.text)
    SPI_I2S_ClearITPendingBit                0x08005fd7   Thumb Code    20  stm32f10x_spi.o(.text)
    __use_two_region_memory                  0x08005ff9   Thumb Code     2  heapauxi.o(.text)
    __rt_heap_escrow                         0x08005ffb   Thumb Code     2  heapauxi.o(.text)
    __rt_heap_expand                         0x08005ffd   Thumb Code     2  heapauxi.o(.text)
    __cpp_initialize__aeabi_                 0x08006001   Thumb Code    26  init_aeabi.o(.text)
    __read_errno                             0x08006025   Thumb Code    10  _rserrno.o(.text)
    __set_errno                              0x0800602f   Thumb Code    12  _rserrno.o(.text)
    __aeabi_errno_addr                       0x0800603d   Thumb Code     8  rt_errno_addr_intlibspace.o(.text)
    __errno$intlibspace                      0x0800603d   Thumb Code     0  rt_errno_addr_intlibspace.o(.text)
    __rt_errno_addr$intlibspace              0x0800603d   Thumb Code     0  rt_errno_addr_intlibspace.o(.text)
    __user_libspace                          0x08006045   Thumb Code     8  libspace.o(.text)
    __user_perproc_libspace                  0x08006045   Thumb Code     0  libspace.o(.text)
    __user_perthread_libspace                0x08006045   Thumb Code     0  libspace.o(.text)
    __user_setup_stackheap                   0x0800604d   Thumb Code    74  sys_stackheap_outer.o(.text)
    exit                                     0x08006097   Thumb Code    12  exit.o(.text)
    _sys_exit                                0x080060a5   Thumb Code     8  sys_exit.o(.text)
    __I$use$semihosting                      0x080060b1   Thumb Code     0  use_no_semi.o(.text)
    __use_no_semihosting_swi                 0x080060b1   Thumb Code     2  use_no_semi.o(.text)
    ANO_PID::set_pid(unsigned short, unsigned short, unsigned short, unsigned) 0x080060b3   Thumb Code    14  ano_flycontrol.o(i._ZN7ANO_PID7set_pidEtttj)
    __semihosting_library_function           0x080060b3   Thumb Code     0  indicate_semi.o(.text)
    ANO_PID::ANO_PID()                       0x080060c1   Thumb Code    12  ano_flycontrol.o(i._ZN7ANO_PIDC1Ev)
    ANO_PID::ANO_PID__sub_object()           0x080060c1   Thumb Code     0  ano_flycontrol.o(i._ZN7ANO_PIDC1Ev)
    __ARM_fpclassifyf                        0x080060cd   Thumb Code    38  fpclassifyf.o(i.__ARM_fpclassifyf)
    __ARM_isnanf                             0x080060f3   Thumb Code    14  ano_math.o(i.__ARM_isnanf)
    __aeabi_vec_ctor_nocookie_nodtor         0x08006101   Thumb Code    36  aeabi_vec_ctor_nocookie_nodtor.o(i.__aeabi_vec_ctor_nocookie_nodtor)
    __cxa_guard_acquire                      0x08006125   Thumb Code    16  cxa_guard_acquire.o(i.__cxa_guard_acquire)
    __mathlib_flt_infnan                     0x08006135   Thumb Code     6  funder.o(i.__mathlib_flt_infnan)
    __mathlib_flt_infnan2                    0x0800613b   Thumb Code     4  funder.o(i.__mathlib_flt_infnan2)
    __mathlib_flt_invalid                    0x0800613f   Thumb Code     8  funder.o(i.__mathlib_flt_invalid)
    __mathlib_flt_underflow                  0x08006147   Thumb Code    10  funder.o(i.__mathlib_flt_underflow)
    __mathlib_rredf2                         0x08006151   Thumb Code   344  rredf.o(i.__mathlib_rredf2)
    asinf                                    0x080062b9   Thumb Code   254  asinf.o(i.asinf)
    atan2f                                   0x080063dd   Thumb Code   528  atan2f.o(i.atan2f)
    cosf                                     0x08006639   Thumb Code   328  cosf.o(i.cosf)
    sinf                                     0x080067b5   Thumb Code   338  sinf.o(i.sinf)
    sqrtf                                    0x0800693d   Thumb Code    44  sqrtf.o(i.sqrtf)
    Matrix3<float>::from_euler(const Vector3<float>&) 0x08006969   Thumb Code   264  ano_matrix3.o(t._ZN7Matrix3IfE10from_eulerERK7Vector3IfE)
    Vector3<float>::get_rollpitch(Vector3<float>&) 0x08006a71   Thumb Code    84  ano_vector3.o(t._ZN7Vector3IfE13get_rollpitchERS0_)
    Vector3<float>::get_yaw(Vector3<float>&) 0x08006ac5   Thumb Code    24  ano_vector3.o(t._ZN7Vector3IfE7get_yawERS0_)
    Vector3<float>::Vector3(float, float, float) 0x08006add   Thumb Code     8  ano_imu.o(t._ZN7Vector3IfEC1Efff)
    Vector3<float>::Vector3__sub_object(float, float, float) 0x08006add   Thumb Code     0  ano_imu.o(t._ZN7Vector3IfEC1Efff)
    Vector3<float>::Vector3()                0x08006ae5   Thumb Code    10  ano_imu.o(t._ZN7Vector3IfEC1Ev)
    Vector3<float>::Vector3__sub_object()    0x08006ae5   Thumb Code     0  ano_imu.o(t._ZN7Vector3IfEC1Ev)
    Vector3<float>::operator ()(float, float, float) 0x08006aef   Thumb Code     8  ano_drv_mpu6050.o(t._ZN7Vector3IfEclEfff)
    Vector3<float>::operator /=(float)       0x08006af7   Thumb Code    40  ano_vector3.o(t._ZN7Vector3IfEdVEf)
    Vector3<float>::operator +=(const Vector3<float>&) 0x08006b1f   Thumb Code    40  ano_vector3.o(t._ZN7Vector3IfEpLERKS0_)
    Vector3<short>::Vector3()                0x08006b47   Thumb Code    10  ano_drv_mpu6050.o(t._ZN7Vector3IsEC1Ev)
    Vector3<short>::Vector3__sub_object()    0x08006b47   Thumb Code     0  ano_drv_mpu6050.o(t._ZN7Vector3IsEC1Ev)
    Vector3<short>::operator ()(short, short, short) 0x08006b51   Thumb Code     8  ano_drv_mpu6050.o(t._ZN7Vector3IsEclEsss)
    Matrix3<float>::operator *(const Vector3<float>&) const 0x08006b59   Thumb Code   164  ano_matrix3.o(t._ZNK7Matrix3IfEmlERK7Vector3IfE)
    Vector3<float>::length() const           0x08006bfd   Thumb Code    14  ano_vector3.o(t._ZNK7Vector3IfE6lengthEv)
    Vector3<float>::operator /(float) const  0x08006c0b   Thumb Code    56  ano_vector3.o(t._ZNK7Vector3IfEdvEf)
    Vector3<float>::operator -(const Vector3<float>&) const 0x08006c43   Thumb Code    56  ano_vector3.o(t._ZNK7Vector3IfEmiERKS0_)
    Vector3<float>::operator *(float) const  0x08006c7b   Thumb Code    56  ano_vector3.o(t._ZNK7Vector3IfEmlEf)
    Vector3<float>::operator +(const Vector3<float>&) const 0x08006cb3   Thumb Code    56  ano_vector3.o(t._ZNK7Vector3IfEplERKS0_)
    Vector3<float>::operator %(const Vector3<float>&) const 0x08006ceb   Thumb Code   118  ano_vector3.o(t._ZNK7Vector3IfErmERKS0_)
    __aeabi_d2f                              0x08006d61   Thumb Code     0  d2f.o(x$fpl$d2f)
    _d2f                                     0x08006d61   Thumb Code    98  d2f.o(x$fpl$d2f)
    __aeabi_dadd                             0x08006dc5   Thumb Code     0  daddsub_clz.o(x$fpl$dadd)
    _dadd                                    0x08006dc5   Thumb Code   332  daddsub_clz.o(x$fpl$dadd)
    __aeabi_ddiv                             0x08006f15   Thumb Code     0  ddiv.o(x$fpl$ddiv)
    _ddiv                                    0x08006f15   Thumb Code   552  ddiv.o(x$fpl$ddiv)
    __aeabi_d2iz                             0x080071c5   Thumb Code     0  dfix.o(x$fpl$dfix)
    _dfix                                    0x080071c5   Thumb Code    94  dfix.o(x$fpl$dfix)
    __aeabi_d2uiz                            0x08007225   Thumb Code     0  dfixu.o(x$fpl$dfixu)
    _dfixu                                   0x08007225   Thumb Code    90  dfixu.o(x$fpl$dfixu)
    __aeabi_i2d                              0x0800727f   Thumb Code     0  dflt_clz.o(x$fpl$dflt)
    _dflt                                    0x0800727f   Thumb Code    46  dflt_clz.o(x$fpl$dflt)
    __aeabi_ui2d                             0x080072ad   Thumb Code     0  dflt_clz.o(x$fpl$dfltu)
    _dfltu                                   0x080072ad   Thumb Code    38  dflt_clz.o(x$fpl$dfltu)
    __aeabi_dmul                             0x080072d5   Thumb Code     0  dmul.o(x$fpl$dmul)
    _dmul                                    0x080072d5   Thumb Code   332  dmul.o(x$fpl$dmul)
    __fpl_dnaninf                            0x08007429   Thumb Code   156  dnaninf.o(x$fpl$dnaninf)
    __fpl_dretinf                            0x080074c5   Thumb Code    12  dretinf.o(x$fpl$dretinf)
    __aeabi_dsub                             0x080074d1   Thumb Code     0  daddsub_clz.o(x$fpl$dsub)
    _dsub                                    0x080074d1   Thumb Code   464  daddsub_clz.o(x$fpl$dsub)
    __aeabi_f2d                              0x080076a5   Thumb Code     0  f2d.o(x$fpl$f2d)
    _f2d                                     0x080076a5   Thumb Code    86  f2d.o(x$fpl$f2d)
    __aeabi_fadd                             0x080076fd   Thumb Code     0  faddsub_clz.o(x$fpl$fadd)
    _fadd                                    0x080076fd   Thumb Code   196  faddsub_clz.o(x$fpl$fadd)
    __fpl_fcheck_NaN1                        0x080077c1   Thumb Code     6  fcheck1.o(x$fpl$fcheck1)
    __fpl_fcmp_Inf                           0x080077cd   Thumb Code    24  fcmpi.o(x$fpl$fcmpinf)
    __aeabi_fdiv                             0x080077e5   Thumb Code     0  fdiv.o(x$fpl$fdiv)
    _fdiv                                    0x080077e5   Thumb Code   384  fdiv.o(x$fpl$fdiv)
    __aeabi_f2iz                             0x08007969   Thumb Code     0  ffix.o(x$fpl$ffix)
    _ffix                                    0x08007969   Thumb Code    54  ffix.o(x$fpl$ffix)
    __aeabi_i2f                              0x080079a1   Thumb Code     0  fflt_clz.o(x$fpl$fflt)
    _fflt                                    0x080079a1   Thumb Code    48  fflt_clz.o(x$fpl$fflt)
    __aeabi_ui2f                             0x080079d1   Thumb Code     0  fflt_clz.o(x$fpl$ffltu)
    _ffltu                                   0x080079d1   Thumb Code    38  fflt_clz.o(x$fpl$ffltu)
    __aeabi_cfcmple                          0x080079f9   Thumb Code     0  fleqf.o(x$fpl$fleqf)
    _fcmple                                  0x080079f9   Thumb Code   104  fleqf.o(x$fpl$fleqf)
    __fpl_fcmple_InfNaN                      0x08007a4b   Thumb Code     0  fleqf.o(x$fpl$fleqf)
    __aeabi_fmul                             0x08007a61   Thumb Code     0  fmul.o(x$fpl$fmul)
    _fmul                                    0x08007a61   Thumb Code   258  fmul.o(x$fpl$fmul)
    __fpl_fnaninf                            0x08007b63   Thumb Code   140  fnaninf.o(x$fpl$fnaninf)
    __fpl_fretinf                            0x08007bef   Thumb Code    10  fretinf.o(x$fpl$fretinf)
    __aeabi_cfrcmple                         0x08007bf9   Thumb Code     0  frleqf.o(x$fpl$frleqf)
    _frcmple                                 0x08007bf9   Thumb Code    98  frleqf.o(x$fpl$frleqf)
    _frnd                                    0x08007c5d   Thumb Code    96  frnd.o(x$fpl$frnd)
    __aeabi_frsub                            0x08007cbd   Thumb Code     0  faddsub_clz.o(x$fpl$frsb)
    _frsb                                    0x08007cbd   Thumb Code    20  faddsub_clz.o(x$fpl$frsb)
    _fsqrt                                   0x08007cd1   Thumb Code   272  fsqrt.o(x$fpl$fsqrt)
    __aeabi_fsub                             0x08007de1   Thumb Code     0  faddsub_clz.o(x$fpl$fsub)
    _fsub                                    0x08007de1   Thumb Code   234  faddsub_clz.o(x$fpl$fsub)
    __fpl_return_NaN                         0x08007ecb   Thumb Code   100  retnan.o(x$fpl$retnan)
    __ARM_scalbnf                            0x08007f2f   Thumb Code    76  scalbnf.o(x$fpl$scalbnf)
    __fpl_cmpreturn                          0x08007f7b   Thumb Code    48  trapv.o(x$fpl$trapveneer)
    __I$use$fp                               0x08007faa   Number         0  usenofp.o(x$fpl$usenofp)
    VirtAddVarTab                            0x08007fb2   Data          50  ano_drv_eeprom.o(.constdata)
    Region$$Table$$Base                      0x08008004   Number         0  anon$$obj.o(Region$$Table)
    Region$$Table$$Limit                     0x08008024   Number         0  anon$$obj.o(Region$$Table)
    SHT$$INIT_ARRAY$$Base                    0x08008024   Number         0  ano_config.o(.init_array)
    SHT$$INIT_ARRAY$$Limit                   0x0800803c   Number         0  init_aeabi.o(.init_array)
    param                                    0x20000018   Data           1  ano_param.o(.data)
    FirstInitFlag                            0x2000001a   Data           2  ano_param.o(.data)
    TX_ADDRESS                               0x20000032   Data           5  ano_drv_nrf24l01.o(.data)
    RX_ADDRESS                               0x20000037   Data           5  ano_drv_nrf24l01.o(.data)
    pwm                                      0x2000003c   Data           1  ano_drv_pwm.o(.data)
    DataVar                                  0x20000040   Data           2  ano_drv_eeprom.o(.data)
    CurWrAddress                             0x20000044   Data           4  ano_drv_eeprom.o(.data)
    SystemCoreClock                          0x2000005c   Data           4  system_stm32f10x.o(.data)
    AHBPrescTable                            0x20000060   Data          16  system_stm32f10x.o(.data)
    ano                                      0x20000070   Data          12  ano_config.o(.bss)
    scheduler                                0x2000007c   Data          10  ano_scheduler.o(.bss)
    imu                                      0x20000088   Data         104  ano_imu.o(.bss)
    dt                                       0x20000120   Data          58  ano_dt.o(.bss)
    motor                                    0x2000015a   Data          12  ano_motor.o(.bss)
    rc                                       0x20000166   Data          24  ano_rc.o(.bss)
    fc                                       0x20000180   Data         136  ano_flycontrol.o(.bss)
    mpu6050                                  0x20000208   Data          64  ano_drv_mpu6050.o(.bss)
    nrf                                      0x20000260   Data         510  ano_drv_nrf24l01.o(.bss)
    __libspace_start                         0x20000460   Data          96  libspace.o(.bss)
    __temporary_stack_top$libspace           0x200004c0   Data           0  libspace.o(.bss)



==============================================================================

Memory Map of the image

  Image Entry point : 0x080000ed

  Load Region LR_IROM1 (Base: 0x08000000, Size: 0x000080ac, Max: 0x00010000, ABSOLUTE)

    Execution Region ER_IROM1 (Base: 0x08000000, Size: 0x0000803c, Max: 0x00010000, ABSOLUTE)

    Base Addr    Size         Type   Attr      Idx    E Section Name        Object

    0x08000000   0x000000ec   Data   RO         1398    RESET               startup_stm32f10x_md.o
    0x080000ec   0x00000008   Code   RO         1434  * !!!main             c_w.l(__main.o)
    0x080000f4   0x00000034   Code   RO         1884    !!!scatter          c_w.l(__scatter.o)
    0x08000128   0x0000001a   Code   RO         1886    !!handler_copy      c_w.l(__scatter_copy.o)
    0x08000142   0x00000002   PAD
    0x08000144   0x0000001c   Code   RO         1888    !!handler_zi        c_w.l(__scatter_zi.o)
    0x08000160   0x00000002   Code   RO         1687    .ARM.Collect$$libinit$$00000000  c_w.l(libinit.o)
    0x08000162   0x00000000   Code   RO         1561    .ARM.Collect$$libinit$$00000002  c_w.l(libinit2.o)
    0x08000162   0x00000000   Code   RO         1563    .ARM.Collect$$libinit$$00000004  c_w.l(libinit2.o)
    0x08000162   0x00000000   Code   RO         1566    .ARM.Collect$$libinit$$0000000A  c_w.l(libinit2.o)
    0x08000162   0x00000000   Code   RO         1568    .ARM.Collect$$libinit$$0000000C  c_w.l(libinit2.o)
    0x08000162   0x00000000   Code   RO         1570    .ARM.Collect$$libinit$$0000000E  c_w.l(libinit2.o)
    0x08000162   0x00000000   Code   RO         1573    .ARM.Collect$$libinit$$00000011  c_w.l(libinit2.o)
    0x08000162   0x00000000   Code   RO         1575    .ARM.Collect$$libinit$$00000013  c_w.l(libinit2.o)
    0x08000162   0x00000000   Code   RO         1577    .ARM.Collect$$libinit$$00000015  c_w.l(libinit2.o)
    0x08000162   0x00000000   Code   RO         1579    .ARM.Collect$$libinit$$00000017  c_w.l(libinit2.o)
    0x08000162   0x00000000   Code   RO         1581    .ARM.Collect$$libinit$$00000019  c_w.l(libinit2.o)
    0x08000162   0x00000000   Code   RO         1583    .ARM.Collect$$libinit$$0000001B  c_w.l(libinit2.o)
    0x08000162   0x00000000   Code   RO         1585    .ARM.Collect$$libinit$$0000001D  c_w.l(libinit2.o)
    0x08000162   0x00000000   Code   RO         1587    .ARM.Collect$$libinit$$0000001F  c_w.l(libinit2.o)
    0x08000162   0x00000000   Code   RO         1589    .ARM.Collect$$libinit$$00000021  c_w.l(libinit2.o)
    0x08000162   0x00000000   Code   RO         1591    .ARM.Collect$$libinit$$00000023  c_w.l(libinit2.o)
    0x08000162   0x00000000   Code   RO         1593    .ARM.Collect$$libinit$$00000025  c_w.l(libinit2.o)
    0x08000162   0x00000000   Code   RO         1597    .ARM.Collect$$libinit$$0000002C  c_w.l(libinit2.o)
    0x08000162   0x00000000   Code   RO         1599    .ARM.Collect$$libinit$$0000002E  c_w.l(libinit2.o)
    0x08000162   0x00000000   Code   RO         1601    .ARM.Collect$$libinit$$00000030  c_w.l(libinit2.o)
    0x08000162   0x00000004   Code   RO         1602    .ARM.Collect$$libinit$$00000031  c_w.l(libinit2.o)
    0x08000166   0x00000000   Code   RO         1603    .ARM.Collect$$libinit$$00000032  c_w.l(libinit2.o)
    0x08000166   0x00000002   Code   RO         1604    .ARM.Collect$$libinit$$00000033  c_w.l(libinit2.o)
    0x08000168   0x00000002   Code   RO         1842    .ARM.Collect$$libshutdown$$00000000  c_w.l(libshutdown.o)
    0x0800016a   0x00000000   Code   RO         1851    .ARM.Collect$$libshutdown$$00000003  c_w.l(libshutdown2.o)
    0x0800016a   0x00000000   Code   RO         1854    .ARM.Collect$$libshutdown$$00000006  c_w.l(libshutdown2.o)
    0x0800016a   0x00000000   Code   RO         1857    .ARM.Collect$$libshutdown$$00000009  c_w.l(libshutdown2.o)
    0x0800016a   0x00000000   Code   RO         1859    .ARM.Collect$$libshutdown$$0000000B  c_w.l(libshutdown2.o)
    0x0800016a   0x00000000   Code   RO         1862    .ARM.Collect$$libshutdown$$0000000E  c_w.l(libshutdown2.o)
    0x0800016a   0x00000002   Code   RO         1863    .ARM.Collect$$libshutdown$$0000000F  c_w.l(libshutdown2.o)
    0x0800016c   0x00000000   Code   RO         1557    .ARM.Collect$$rtentry$$00000000  c_w.l(__rtentry.o)
    0x0800016c   0x00000000   Code   RO         1644    .ARM.Collect$$rtentry$$00000002  c_w.l(__rtentry2.o)
    0x0800016c   0x00000006   Code   RO         1656    .ARM.Collect$$rtentry$$00000004  c_w.l(__rtentry4.o)
    0x08000172   0x00000000   Code   RO         1646    .ARM.Collect$$rtentry$$00000009  c_w.l(__rtentry2.o)
    0x08000172   0x00000004   Code   RO         1647    .ARM.Collect$$rtentry$$0000000A  c_w.l(__rtentry2.o)
    0x08000176   0x00000000   Code   RO         1649    .ARM.Collect$$rtentry$$0000000C  c_w.l(__rtentry2.o)
    0x08000176   0x00000008   Code   RO         1650    .ARM.Collect$$rtentry$$0000000D  c_w.l(__rtentry2.o)
    0x0800017e   0x00000002   Code   RO         1698    .ARM.Collect$$rtexit$$00000000  c_w.l(rtexit.o)
    0x08000180   0x00000000   Code   RO         1782    .ARM.Collect$$rtexit$$00000002  c_w.l(rtexit2.o)
    0x08000180   0x00000004   Code   RO         1783    .ARM.Collect$$rtexit$$00000003  c_w.l(rtexit2.o)
    0x08000184   0x00000006   Code   RO         1784    .ARM.Collect$$rtexit$$00000004  c_w.l(rtexit2.o)
    0x0800018a   0x00000002   PAD
    0x0800018c   0x00000020   Code   RO            4    .text               anocopter.o
    0x080001ac   0x00000014   Code   RO          184    .text               ano_config.o
    0x080001c0   0x000000e0   Code   RO          218    .text               ano_scheduler.o
    0x080002a0   0x000001ac   Code   RO          281    .text               ano_filter.o
    0x0800044c   0x000003e0   Code   RO          330    .text               ano_imu.o
    0x0800082c   0x00000cf0   Code   RO          400    .text               ano_dt.o
    0x0800151c   0x00000240   Code   RO          431    .text               ano_motor.o
    0x0800175c   0x00000234   Code   RO          461    .text               ano_rc.o
    0x08001990   0x000000ee   Code   RO          491    .text               ano_pid.o
    0x08001a7e   0x00000002   PAD
    0x08001a80   0x00000264   Code   RO          529    .text               ano_flycontrol.o
    0x08001ce4   0x000003c4   Code   RO          577    .text               ano_param.o
    0x080020a8   0x000001ac   Code   RO          604    .text               ano_math.o
    0x08002254   0x00000690   Code   RO          882    .text               ano_quaternion.o
    0x080028e4   0x00000168   Code   RO          905    .text               board.o
    0x08002a4c   0x0000001c   Code   RO          965    .text               stm32f10x_it.o
    0x08002a68   0x00000400   Code   RO          993    .text               ano_drv_i2c_soft.o
    0x08002e68   0x000004ec   Code   RO         1017    .text               ano_drv_mpu6050.o
    0x08003354   0x0000030c   Code   RO         1086    .text               ano_drv_nrf24l01.o
    0x08003660   0x0000029c   Code   RO         1117    .text               ano_drv_pwm.o
    0x080038fc   0x000004d8   Code   RO         1147    .text               ano_drv_eeprom.o
    0x08003dd4   0x00000144   Code   RO         1179    .text               ano_drv_spi.o
    0x08003f18   0x000000dc   Code   RO         1203    .text               misc.o
    0x08003ff4   0x0000035c   Code   RO         1228    .text               stm32f10x_gpio.o
    0x08004350   0x000003a4   Code   RO         1253    .text               stm32f10x_rcc.o
    0x080046f4   0x00000e1a   Code   RO         1280    .text               stm32f10x_tim.o
    0x0800550e   0x00000002   PAD
    0x08005510   0x000005bc   Code   RO         1330    .text               stm32f10x_flash.o
    0x08005acc   0x000001e0   Code   RO         1355    .text               system_stm32f10x.o
    0x08005cac   0x00000040   Code   RO         1399    .text               startup_stm32f10x_md.o
    0x08005cec   0x0000030c   Code   RO         1406    .text               stm32f10x_spi.o
    0x08005ff8   0x00000006   Code   RO         1432    .text               c_w.l(heapauxi.o)
    0x08005ffe   0x00000002   PAD
    0x08006000   0x00000024   Code   RO         1439    .text               c_w.l(init_aeabi.o)
    0x08006024   0x00000016   Code   RO         1558    .text               c_w.l(_rserrno.o)
    0x0800603a   0x00000002   PAD
    0x0800603c   0x00000008   Code   RO         1661    .text               c_w.l(rt_errno_addr_intlibspace.o)
    0x08006044   0x00000008   Code   RO         1671    .text               c_w.l(libspace.o)
    0x0800604c   0x0000004a   Code   RO         1674    .text               c_w.l(sys_stackheap_outer.o)
    0x08006096   0x0000000c   Code   RO         1676    .text               c_w.l(exit.o)
    0x080060a2   0x00000002   PAD
    0x080060a4   0x0000000c   Code   RO         1774    .text               c_w.l(sys_exit.o)
    0x080060b0   0x00000002   Code   RO         1776    .text               c_w.l(use_no_semi.o)
    0x080060b2   0x00000000   Code   RO         1780    .text               c_w.l(indicate_semi.o)
    0x080060b2   0x0000000e   Code   RO          551    i._ZN7ANO_PID7set_pidEtttj  ano_flycontrol.o
    0x080060c0   0x0000000c   Code   RO          557    i._ZN7ANO_PIDC1Ev   ano_flycontrol.o
    0x080060cc   0x00000026   Code   RO         1624    i.__ARM_fpclassifyf  m_ws.l(fpclassifyf.o)
    0x080060f2   0x0000000e   Code   RO          614    i.__ARM_isnanf      ano_math.o
    0x08006100   0x00000024   Code   RO         1448    i.__aeabi_vec_ctor_nocookie_nodtor  cpprt_w.l(aeabi_vec_ctor_nocookie_nodtor.o)
    0x08006124   0x00000010   Code   RO         1442    i.__cxa_guard_acquire  cpprt_w.l(cxa_guard_acquire.o)
    0x08006134   0x00000006   Code   RO         1627    i.__mathlib_flt_infnan  m_ws.l(funder.o)
    0x0800613a   0x00000004   Code   RO         1628    i.__mathlib_flt_infnan2  m_ws.l(funder.o)
    0x0800613e   0x00000008   Code   RO         1629    i.__mathlib_flt_invalid  m_ws.l(funder.o)
    0x08006146   0x0000000a   Code   RO         1632    i.__mathlib_flt_underflow  m_ws.l(funder.o)
    0x08006150   0x00000168   Code   RO         1640    i.__mathlib_rredf2  m_ws.l(rredf.o)
    0x080062b8   0x00000124   Code   RO         1518    i.asinf             m_ws.l(asinf.o)
    0x080063dc   0x0000025c   Code   RO         1526    i.atan2f            m_ws.l(atan2f.o)
    0x08006638   0x0000017c   Code   RO         1534    i.cosf              m_ws.l(cosf.o)
    0x080067b4   0x00000188   Code   RO         1542    i.sinf              m_ws.l(sinf.o)
    0x0800693c   0x0000002c   Code   RO         1550    i.sqrtf             m_ws.l(sqrtf.o)
    0x08006968   0x00000108   Code   RO          851    t._ZN7Matrix3IfE10from_eulerERK7Vector3IfE  ano_matrix3.o
    0x08006a70   0x00000054   Code   RO          682    t._ZN7Vector3IfE13get_rollpitchERS0_  ano_vector3.o
    0x08006ac4   0x00000018   Code   RO          688    t._ZN7Vector3IfE7get_yawERS0_  ano_vector3.o
    0x08006adc   0x00000008   Code   RO          359    t._ZN7Vector3IfEC1Efff  ano_imu.o
    0x08006ae4   0x0000000a   Code   RO          353    t._ZN7Vector3IfEC1Ev  ano_imu.o
    0x08006aee   0x00000008   Code   RO         1040    t._ZN7Vector3IfEclEfff  ano_drv_mpu6050.o
    0x08006af6   0x00000028   Code   RO          724    t._ZN7Vector3IfEdVEf  ano_vector3.o
    0x08006b1e   0x00000028   Code   RO          742    t._ZN7Vector3IfEpLERKS0_  ano_vector3.o
    0x08006b46   0x0000000a   Code   RO         1046    t._ZN7Vector3IsEC1Ev  ano_drv_mpu6050.o
    0x08006b50   0x00000008   Code   RO         1052    t._ZN7Vector3IsEclEsss  ano_drv_mpu6050.o
    0x08006b58   0x000000a4   Code   RO          821    t._ZNK7Matrix3IfEmlERK7Vector3IfE  ano_matrix3.o
    0x08006bfc   0x0000000e   Code   RO          664    t._ZNK7Vector3IfE6lengthEv  ano_vector3.o
    0x08006c0a   0x00000038   Code   RO          718    t._ZNK7Vector3IfEdvEf  ano_vector3.o
    0x08006c42   0x00000038   Code   RO          748    t._ZNK7Vector3IfEmiERKS0_  ano_vector3.o
    0x08006c7a   0x00000038   Code   RO          706    t._ZNK7Vector3IfEmlEf  ano_vector3.o
    0x08006cb2   0x00000038   Code   RO          736    t._ZNK7Vector3IfEplERKS0_  ano_vector3.o
    0x08006cea   0x00000076   Code   RO          700    t._ZNK7Vector3IfErmERKS0_  ano_vector3.o
    0x08006d60   0x00000062   Code   RO         1451    x$fpl$d2f           fz_ws.l(d2f.o)
    0x08006dc2   0x00000002   PAD
    0x08006dc4   0x00000150   Code   RO         1453    x$fpl$dadd          fz_ws.l(daddsub_clz.o)
    0x08006f14   0x000002b0   Code   RO         1460    x$fpl$ddiv          fz_ws.l(ddiv.o)
    0x080071c4   0x0000005e   Code   RO         1463    x$fpl$dfix          fz_ws.l(dfix.o)
    0x08007222   0x00000002   PAD
    0x08007224   0x0000005a   Code   RO         1467    x$fpl$dfixu         fz_ws.l(dfixu.o)
    0x0800727e   0x0000002e   Code   RO         1472    x$fpl$dflt          fz_ws.l(dflt_clz.o)
    0x080072ac   0x00000026   Code   RO         1471    x$fpl$dfltu         fz_ws.l(dflt_clz.o)
    0x080072d2   0x00000002   PAD
    0x080072d4   0x00000154   Code   RO         1477    x$fpl$dmul          fz_ws.l(dmul.o)
    0x08007428   0x0000009c   Code   RO         1607    x$fpl$dnaninf       fz_ws.l(dnaninf.o)
    0x080074c4   0x0000000c   Code   RO         1609    x$fpl$dretinf       fz_ws.l(dretinf.o)
    0x080074d0   0x000001d4   Code   RO         1455    x$fpl$dsub          fz_ws.l(daddsub_clz.o)
    0x080076a4   0x00000056   Code   RO         1479    x$fpl$f2d           fz_ws.l(f2d.o)
    0x080076fa   0x00000002   PAD
    0x080076fc   0x000000c4   Code   RO         1481    x$fpl$fadd          fz_ws.l(faddsub_clz.o)
    0x080077c0   0x0000000c   Code   RO         1667    x$fpl$fcheck1       fz_ws.l(fcheck1.o)
    0x080077cc   0x00000018   Code   RO         1611    x$fpl$fcmpinf       fz_ws.l(fcmpi.o)
    0x080077e4   0x00000184   Code   RO         1488    x$fpl$fdiv          fz_ws.l(fdiv.o)
    0x08007968   0x00000036   Code   RO         1493    x$fpl$ffix          fz_ws.l(ffix.o)
    0x0800799e   0x00000002   PAD
    0x080079a0   0x00000030   Code   RO         1498    x$fpl$fflt          fz_ws.l(fflt_clz.o)
    0x080079d0   0x00000026   Code   RO         1497    x$fpl$ffltu         fz_ws.l(fflt_clz.o)
    0x080079f6   0x00000002   PAD
    0x080079f8   0x00000068   Code   RO         1503    x$fpl$fleqf         fz_ws.l(fleqf.o)
    0x08007a60   0x00000102   Code   RO         1505    x$fpl$fmul          fz_ws.l(fmul.o)
    0x08007b62   0x0000008c   Code   RO         1613    x$fpl$fnaninf       fz_ws.l(fnaninf.o)
    0x08007bee   0x0000000a   Code   RO         1615    x$fpl$fretinf       fz_ws.l(fretinf.o)
    0x08007bf8   0x00000062   Code   RO         1507    x$fpl$frleqf        fz_ws.l(frleqf.o)
    0x08007c5a   0x00000002   PAD
    0x08007c5c   0x00000060   Code   RO         1617    x$fpl$frnd          fz_ws.l(frnd.o)
    0x08007cbc   0x00000014   Code   RO         1482    x$fpl$frsb          fz_ws.l(faddsub_clz.o)
    0x08007cd0   0x00000110   Code   RO         1619    x$fpl$fsqrt         fz_ws.l(fsqrt.o)
    0x08007de0   0x000000ea   Code   RO         1483    x$fpl$fsub          fz_ws.l(faddsub_clz.o)
    0x08007eca   0x00000064   Code   RO         1694    x$fpl$retnan        fz_ws.l(retnan.o)
    0x08007f2e   0x0000004c   Code   RO         1621    x$fpl$scalbnf       fz_ws.l(scalbnf.o)
    0x08007f7a   0x00000030   Code   RO         1772    x$fpl$trapveneer    fz_ws.l(trapv.o)
    0x08007faa   0x00000000   Code   RO         1623    x$fpl$usenofp       fz_ws.l(usenofp.o)
    0x08007faa   0x00000008   Data   RO          464    .constdata          ano_rc.o
    0x08007fb2   0x00000032   Data   RO         1149    .constdata          ano_drv_eeprom.o
    0x08007fe4   0x00000020   Data   RO         1641    .constdata          m_ws.l(rredf.o)
    0x08008004   0x00000020   Data   RO         1882    Region$$Table       anon$$obj.o
    0x08008024   0x00000004   Data   RO          187    .init_array         ano_config.o
    0x08008028   0x00000004   Data   RO          221    .init_array         ano_scheduler.o
    0x0800802c   0x00000004   Data   RO          334    .init_array         ano_imu.o
    0x08008030   0x00000004   Data   RO          466    .init_array         ano_rc.o
    0x08008034   0x00000004   Data   RO          532    .init_array         ano_flycontrol.o
    0x08008038   0x00000004   Data   RO         1021    .init_array         ano_drv_mpu6050.o
    0x0800803c   0x00000000   Data   RO         1437    .init_array         c_w.l(init_aeabi.o)


    Execution Region RW_IRAM1 (Base: 0x20000000, Size: 0x00000ac0, Max: 0x00005000, ABSOLUTE)

    Base Addr    Size         Type   Attr      Idx    E Section Name        Object

    0x20000000   0x00000014   Data   RW          333    .data               ano_imu.o
    0x20000014   0x00000002   Data   RW          403    .data               ano_dt.o
    0x20000016   0x00000002   Data   RW          465    .data               ano_rc.o
    0x20000018   0x00000004   Data   RW          579    .data               ano_param.o
    0x2000001c   0x00000008   Data   RW          907    .data               board.o
    0x20000024   0x0000000e   Data   RW         1020    .data               ano_drv_mpu6050.o
    0x20000032   0x0000000a   Data   RW         1089    .data               ano_drv_nrf24l01.o
    0x2000003c   0x00000001   Data   RW         1119    .data               ano_drv_pwm.o
    0x2000003d   0x00000003   PAD
    0x20000040   0x00000008   Data   RW         1150    .data               ano_drv_eeprom.o
    0x20000048   0x00000014   Data   RW         1255    .data               stm32f10x_rcc.o
    0x2000005c   0x00000014   Data   RW         1357    .data               system_stm32f10x.o
    0x20000070   0x0000000c   Zero   RW          186    .bss                ano_config.o
    0x2000007c   0x0000000a   Zero   RW          220    .bss                ano_scheduler.o
    0x20000086   0x00000002   PAD
    0x20000088   0x00000098   Zero   RW          332    .bss                ano_imu.o
    0x20000120   0x0000003a   Zero   RW          402    .bss                ano_dt.o
    0x2000015a   0x0000000c   Zero   RW          433    .bss                ano_motor.o
    0x20000166   0x00000018   Zero   RW          463    .bss                ano_rc.o
    0x2000017e   0x00000002   PAD
    0x20000180   0x00000088   Zero   RW          531    .bss                ano_flycontrol.o
    0x20000208   0x00000058   Zero   RW         1019    .bss                ano_drv_mpu6050.o
    0x20000260   0x000001fe   Zero   RW         1088    .bss                ano_drv_nrf24l01.o
    0x2000045e   0x00000002   PAD
    0x20000460   0x00000060   Zero   RW         1672    .bss                c_w.l(libspace.o)
    0x200004c0   0x00000200   Zero   RW         1397    HEAP                startup_stm32f10x_md.o
    0x200006c0   0x00000400   Zero   RW         1396    STACK               startup_stm32f10x_md.o


==============================================================================

Image component sizes


      Code (inc. data)   RO Data    RW Data    ZI Data      Debug   Object Name

        20          6          4          0         12       1750   ano_config.o
      1240         40         50          8          0       5128   ano_drv_eeprom.o
      1024          4          0          0          0       3840   ano_drv_i2c_soft.o
      1286         38          4         14         88       9562   ano_drv_mpu6050.o
       780         18          0         10        510       4964   ano_drv_nrf24l01.o
       668         30          0          1          0       2026   ano_drv_pwm.o
       324         12          0          0          0       1340   ano_drv_spi.o
      3312         70          0          2         58       6029   ano_dt.o
       428         18          0          0          0       8364   ano_filter.o
       638         38          4          0        136       4237   ano_flycontrol.o
      1010         76          4         20        152       8062   ano_imu.o
       442         20          0          0          0       6862   ano_math.o
       428          0          0          0          0       1188   ano_matrix3.o
       576         26          0          0         12       2080   ano_motor.o
       964         16          0          4          0       3042   ano_param.o
       238          0          0          0          0       3820   ano_pid.o
      1680          6          0          0          0       4332   ano_quaternion.o
       564         50         12          2         24       2749   ano_rc.o
       224         26          4          0         10       1983   ano_scheduler.o
       544          0          0          0          0       8092   ano_vector3.o
        32          8          0          0          0     265527   anocopter.o
       360         38          0          8          0      25246   board.o
       220         22          0          0          0       1933   misc.o
        64         26        236          0       1536        896   startup_stm32f10x_md.o
      1468         34          0          0          0       8178   stm32f10x_flash.o
       860         38          0          0          0       5797   stm32f10x_gpio.o
        28          0          0          0          0       1191   stm32f10x_it.o
       932         36          0         20          0       9000   stm32f10x_rcc.o
       780         14          0          0          0       6698   stm32f10x_spi.o
      3610         88          0          0          0      22456   stm32f10x_tim.o
       480         38          0         20          0       2059   system_stm32f10x.o

    ----------------------------------------------------------------------
     25228        836        350        112       2544     438431   Object Totals
         0          0         32          0          0          0   (incl. Generated)
         4          0          0          3          6          0   (incl. Padding)

    ----------------------------------------------------------------------

      Code (inc. data)   RO Data    RW Data    ZI Data      Debug   Library Member Name

         8          0          0          0          0         68   __main.o
         0          0          0          0          0          0   __rtentry.o
        12          0          0          0          0          0   __rtentry2.o
         6          0          0          0          0          0   __rtentry4.o
        52          8          0          0          0          0   __scatter.o
        26          0          0          0          0          0   __scatter_copy.o
        28          0          0          0          0          0   __scatter_zi.o
        22          0          0          0          0        100   _rserrno.o
        12          0          0          0          0         72   exit.o
         6          0          0          0          0        152   heapauxi.o
         0          0          0          0          0          0   indicate_semi.o
        36         10          0          0          0         80   init_aeabi.o
         2          0          0          0          0          0   libinit.o
         6          0          0          0          0          0   libinit2.o
         2          0          0          0          0          0   libshutdown.o
         2          0          0          0          0          0   libshutdown2.o
         8          4          0          0         96         68   libspace.o
         8          4          0          0          0         68   rt_errno_addr_intlibspace.o
         2          0          0          0          0          0   rtexit.o
        10          0          0          0          0          0   rtexit2.o
        12          4          0          0          0         68   sys_exit.o
        74          0          0          0          0         80   sys_stackheap_outer.o
         2          0          0          0          0         68   use_no_semi.o
        36          0          0          0          0         84   aeabi_vec_ctor_nocookie_nodtor.o
        16          0          0          0          0         68   cxa_guard_acquire.o
        98          4          0          0          0         92   d2f.o
       804         16          0          0          0        272   daddsub_clz.o
       688        140          0          0          0        208   ddiv.o
        94          4          0          0          0         92   dfix.o
        90          4          0          0          0         92   dfixu.o
        84          0          0          0          0        136   dflt_clz.o
       340         12          0          0          0        104   dmul.o
       156          4          0          0          0         92   dnaninf.o
        12          0          0          0          0         68   dretinf.o
        86          4          0          0          0         84   f2d.o
       450          8          0          0          0        236   faddsub_clz.o
        12          4          0          0          0         68   fcheck1.o
        24          0          0          0          0         68   fcmpi.o
       388         76          0          0          0         96   fdiv.o
        54          4          0          0          0         84   ffix.o
        86          0          0          0          0        136   fflt_clz.o
       104          4          0          0          0         84   fleqf.o
       258          4          0          0          0         84   fmul.o
       140          4          0          0          0         84   fnaninf.o
        10          0          0          0          0         68   fretinf.o
        98          0          0          0          0         68   frleqf.o
        96          4          0          0          0         76   frnd.o
       272        100          0          0          0         88   fsqrt.o
       100          0          0          0          0         68   retnan.o
        76          0          0          0          0         68   scalbnf.o
        48          0          0          0          0         68   trapv.o
         0          0          0          0          0          0   usenofp.o
       292         38          0          0          0        120   asinf.o
       604         76          0          0          0        116   atan2f.o
       380         52          0          0          0        124   cosf.o
        38          0          0          0          0         68   fpclassifyf.o
        28          0          0          0          0        272   funder.o
       360         16         32          0          0         88   rredf.o
       392         54          0          0          0        124   sinf.o
        44          0          0          0          0         80   sqrtf.o

    ----------------------------------------------------------------------
      7218        662         32          0         96       4652   Library Totals
        24          0          0          0          0          0   (incl. Padding)

    ----------------------------------------------------------------------

      Code (inc. data)   RO Data    RW Data    ZI Data      Debug   Library Name

       336         30          0          0         96        824   c_w.l
        52          0          0          0          0        152   cpprt_w.l
      4668        396          0          0          0       2684   fz_ws.l
      2138        236         32          0          0        992   m_ws.l

    ----------------------------------------------------------------------
      7218        662         32          0         96       4652   Library Totals

    ----------------------------------------------------------------------

==============================================================================


      Code (inc. data)   RO Data    RW Data    ZI Data      Debug   

     32446       1498        382        112       2640     436943   Grand Totals
     32446       1498        382        112       2640     436943   ELF Image Totals
     32446       1498        382        112          0          0   ROM Totals

==============================================================================

    Total RO  Size (Code + RO Data)                32828 (  32.06kB)
    Total RW  Size (RW Data + ZI Data)              2752 (   2.69kB)
    Total ROM Size (Code + RO Data + RW Data)      32940 (  32.17kB)

==============================================================================

